<html>
<body>
<pre>
<h1>µVision Build Log</h1>
<h2>Tool Versions:</h2>
IDE-Version: ¦ÌVision V5.14.2
Copyright (C) 2015 ARM Ltd and ARM Germany GmbH. All rights reserved.
License Information: Cortex-M3, lys, LIC=RC93N-YZZLU-9UA4U-S2K5E-WQZ67-IR0RL
 
Tool Versions:
Toolchain:       MDK-ARM Standard  Version: 5.14.0.0
Toolchain Path:  E:\Keil5\ARM\ARMCC\Bin
C Compiler:      Armcc.exe V5.05 update 1 (build 106)
Assembler:       Armasm.exe V5.05 update 1 (build 106)
Linker/Locator:  ArmLink.exe V5.05 update 1 (build 106)
Library Manager: ArmAr.exe V5.05 update 1 (build 106)
Hex Converter:   FromElf.exe V5.05 update 1 (build 106)
CPU DLL:         SARMCM3.DLL V5.14.0.0
Dialog DLL:      DCM.DLL V1.13.1.0
Target DLL:      STLink\ST-LINKIII-KEIL_SWO.dll V2.0.14.0_KEIL
Dialog DLL:      TCM.DLL V1.14.4.0
 
<h2>Project:</h2>
f:\STM32Pjo\16-SerachStatusFreeRtos\Project.uvprojx
Project File Date:  04/02/2025

<h2>Output:</h2>
*** Using Compiler 'V5.05 update 1 (build 106)', folder: 'E:\Keil5\ARM\ARMCC\Bin'
Build target 'Target 1'
compiling croutine.c...
.\FreeRtos\FreeRTOSConfig.h(83): warning:  #47-D: incompatible redefinition of macro "configUSE_TRACE_FACILITY" (declared at line 51)
  #define configUSE_TRACE_FACILITY 1
FreeRtos\croutine.c: 1 warning, 0 errors
compiling event_groups.c...
.\FreeRtos\FreeRTOSConfig.h(83): warning:  #47-D: incompatible redefinition of macro "configUSE_TRACE_FACILITY" (declared at line 51)
  #define configUSE_TRACE_FACILITY 1
FreeRtos\event_groups.c: 1 warning, 0 errors
compiling heap_4.c...
.\FreeRtos\FreeRTOSConfig.h(83): warning:  #47-D: incompatible redefinition of macro "configUSE_TRACE_FACILITY" (declared at line 51)
  #define configUSE_TRACE_FACILITY 1
FreeRtos\heap_4.c: 1 warning, 0 errors
compiling list.c...
.\FreeRtos\FreeRTOSConfig.h(83): warning:  #47-D: incompatible redefinition of macro "configUSE_TRACE_FACILITY" (declared at line 51)
  #define configUSE_TRACE_FACILITY 1
FreeRtos\list.c: 1 warning, 0 errors
compiling port.c...
.\FreeRtos\FreeRTOSConfig.h(83): warning:  #47-D: incompatible redefinition of macro "configUSE_TRACE_FACILITY" (declared at line 51)
  #define configUSE_TRACE_FACILITY 1
FreeRtos\port.c: 1 warning, 0 errors
compiling queue.c...
.\FreeRtos\FreeRTOSConfig.h(83): warning:  #47-D: incompatible redefinition of macro "configUSE_TRACE_FACILITY" (declared at line 51)
  #define configUSE_TRACE_FACILITY 1
FreeRtos\queue.c: 1 warning, 0 errors
compiling stream_buffer.c...
.\FreeRtos\FreeRTOSConfig.h(83): warning:  #47-D: incompatible redefinition of macro "configUSE_TRACE_FACILITY" (declared at line 51)
  #define configUSE_TRACE_FACILITY 1
FreeRtos\stream_buffer.c: 1 warning, 0 errors
compiling tasks.c...
.\FreeRtos\FreeRTOSConfig.h(83): warning:  #47-D: incompatible redefinition of macro "configUSE_TRACE_FACILITY" (declared at line 51)
  #define configUSE_TRACE_FACILITY 1
FreeRtos\tasks.c: 1 warning, 0 errors
compiling timers.c...
.\FreeRtos\FreeRTOSConfig.h(83): warning:  #47-D: incompatible redefinition of macro "configUSE_TRACE_FACILITY" (declared at line 51)
  #define configUSE_TRACE_FACILITY 1
FreeRtos\timers.c: 1 warning, 0 errors
compiling LEDandKey.c...
.\FreeRtos\FreeRTOSConfig.h(83): warning:  #47-D: incompatible redefinition of macro "configUSE_TRACE_FACILITY" (declared at line 51)
  #define configUSE_TRACE_FACILITY 1
Hardware\LEDandKey.c: 1 warning, 0 errors
compiling stm32f10x_it.c...
.\FreeRtos\FreeRTOSConfig.h(83): warning:  #47-D: incompatible redefinition of macro "configUSE_TRACE_FACILITY" (declared at line 51)
  #define configUSE_TRACE_FACILITY 1
User\stm32f10x_it.c: 1 warning, 0 errors
compiling MyTask.c...
.\FreeRtos\FreeRTOSConfig.h(83): warning:  #47-D: incompatible redefinition of macro "configUSE_TRACE_FACILITY" (declared at line 51)
  #define configUSE_TRACE_FACILITY 1
User\MyTask.c: 1 warning, 0 errors
linking...
Program Size: Code=11760 RO-data=268 RW-data=136 ZI-data=7472  
".\Objects\Project.axf" - 0 Error(s), 12 Warning(s).

<h2>Collection of Component include folders:</h2>
  f:\STM32Pjo\16-SerachStatusFreeRtos\RTE
  E:\Keil5\ARM\PACK\Keil\STM32F1xx_DFP\1.0.5\Device\Include

<h2>Collection of Component Files used:</h2>
</pre>
</body>
</html>
