Component: ARM Compiler 5.05 update 1 (build 106) Tool: armlink [4d0efa]

==============================================================================

Section Cross References

    startup_stm32f10x_md.o(RESET) refers to startup_stm32f10x_md.o(STACK) for __initial_sp
    startup_stm32f10x_md.o(RESET) refers to startup_stm32f10x_md.o(.text) for Reset_Handler
    startup_stm32f10x_md.o(RESET) refers to stm32f10x_it.o(i.NMI_Handler) for NMI_Handler
    startup_stm32f10x_md.o(RESET) refers to stm32f10x_it.o(i.HardFault_Handler) for HardFault_Handler
    startup_stm32f10x_md.o(RESET) refers to stm32f10x_it.o(i.MemManage_Handler) for MemManage_Handler
    startup_stm32f10x_md.o(RESET) refers to stm32f10x_it.o(i.BusFault_Handler) for BusFault_Handler
    startup_stm32f10x_md.o(RESET) refers to stm32f10x_it.o(i.UsageFault_Handler) for UsageFault_Handler
    startup_stm32f10x_md.o(RESET) refers to stm32f10x_it.o(i.SVC_Handler) for SVC_Handler
    startup_stm32f10x_md.o(RESET) refers to stm32f10x_it.o(i.DebugMon_Handler) for DebugMon_Handler
    startup_stm32f10x_md.o(RESET) refers to stm32f10x_it.o(i.PendSV_Handler) for PendSV_Handler
    startup_stm32f10x_md.o(RESET) refers to stm32f10x_it.o(i.SysTick_Handler) for SysTick_Handler
    startup_stm32f10x_md.o(RESET) refers to serial.o(i.USART1_IRQHandler) for USART1_IRQHandler
    startup_stm32f10x_md.o(.text) refers to system_stm32f10x.o(i.SystemInit) for SystemInit
    startup_stm32f10x_md.o(.text) refers to entry.o(.ARM.Collect$$$$00000000) for __main
    system_stm32f10x.o(i.SetSysClock) refers to system_stm32f10x.o(i.SetSysClockTo72) for SetSysClockTo72
    system_stm32f10x.o(i.SystemCoreClockUpdate) refers to system_stm32f10x.o(.data) for SystemCoreClock
    system_stm32f10x.o(i.SystemInit) refers to system_stm32f10x.o(i.SetSysClock) for SetSysClock
    stm32f10x_adc.o(i.ADC_DeInit) refers to stm32f10x_rcc.o(i.RCC_APB2PeriphResetCmd) for RCC_APB2PeriphResetCmd
    stm32f10x_bkp.o(i.BKP_DeInit) refers to stm32f10x_rcc.o(i.RCC_BackupResetCmd) for RCC_BackupResetCmd
    stm32f10x_can.o(i.CAN_DeInit) refers to stm32f10x_rcc.o(i.RCC_APB1PeriphResetCmd) for RCC_APB1PeriphResetCmd
    stm32f10x_can.o(i.CAN_GetITStatus) refers to stm32f10x_can.o(i.CheckITStatus) for CheckITStatus
    stm32f10x_cec.o(i.CEC_DeInit) refers to stm32f10x_rcc.o(i.RCC_APB1PeriphResetCmd) for RCC_APB1PeriphResetCmd
    stm32f10x_dac.o(i.DAC_DeInit) refers to stm32f10x_rcc.o(i.RCC_APB1PeriphResetCmd) for RCC_APB1PeriphResetCmd
    stm32f10x_flash.o(i.FLASH_EnableWriteProtection) refers to stm32f10x_flash.o(i.FLASH_WaitForLastOperation) for FLASH_WaitForLastOperation
    stm32f10x_flash.o(i.FLASH_EraseAllBank1Pages) refers to stm32f10x_flash.o(i.FLASH_WaitForLastBank1Operation) for FLASH_WaitForLastBank1Operation
    stm32f10x_flash.o(i.FLASH_EraseAllPages) refers to stm32f10x_flash.o(i.FLASH_WaitForLastOperation) for FLASH_WaitForLastOperation
    stm32f10x_flash.o(i.FLASH_EraseOptionBytes) refers to stm32f10x_flash.o(i.FLASH_GetReadOutProtectionStatus) for FLASH_GetReadOutProtectionStatus
    stm32f10x_flash.o(i.FLASH_EraseOptionBytes) refers to stm32f10x_flash.o(i.FLASH_WaitForLastOperation) for FLASH_WaitForLastOperation
    stm32f10x_flash.o(i.FLASH_ErasePage) refers to stm32f10x_flash.o(i.FLASH_WaitForLastOperation) for FLASH_WaitForLastOperation
    stm32f10x_flash.o(i.FLASH_ProgramHalfWord) refers to stm32f10x_flash.o(i.FLASH_WaitForLastOperation) for FLASH_WaitForLastOperation
    stm32f10x_flash.o(i.FLASH_ProgramOptionByteData) refers to stm32f10x_flash.o(i.FLASH_WaitForLastOperation) for FLASH_WaitForLastOperation
    stm32f10x_flash.o(i.FLASH_ProgramWord) refers to stm32f10x_flash.o(i.FLASH_WaitForLastOperation) for FLASH_WaitForLastOperation
    stm32f10x_flash.o(i.FLASH_ReadOutProtection) refers to stm32f10x_flash.o(i.FLASH_WaitForLastOperation) for FLASH_WaitForLastOperation
    stm32f10x_flash.o(i.FLASH_UserOptionByteConfig) refers to stm32f10x_flash.o(i.FLASH_WaitForLastOperation) for FLASH_WaitForLastOperation
    stm32f10x_flash.o(i.FLASH_WaitForLastBank1Operation) refers to stm32f10x_flash.o(i.FLASH_GetBank1Status) for FLASH_GetBank1Status
    stm32f10x_flash.o(i.FLASH_WaitForLastOperation) refers to stm32f10x_flash.o(i.FLASH_GetBank1Status) for FLASH_GetBank1Status
    stm32f10x_gpio.o(i.GPIO_AFIODeInit) refers to stm32f10x_rcc.o(i.RCC_APB2PeriphResetCmd) for RCC_APB2PeriphResetCmd
    stm32f10x_gpio.o(i.GPIO_DeInit) refers to stm32f10x_rcc.o(i.RCC_APB2PeriphResetCmd) for RCC_APB2PeriphResetCmd
    stm32f10x_i2c.o(i.I2C_DeInit) refers to stm32f10x_rcc.o(i.RCC_APB1PeriphResetCmd) for RCC_APB1PeriphResetCmd
    stm32f10x_i2c.o(i.I2C_Init) refers to stm32f10x_rcc.o(i.RCC_GetClocksFreq) for RCC_GetClocksFreq
    stm32f10x_pwr.o(i.PWR_DeInit) refers to stm32f10x_rcc.o(i.RCC_APB1PeriphResetCmd) for RCC_APB1PeriphResetCmd
    stm32f10x_rcc.o(i.RCC_GetClocksFreq) refers to stm32f10x_rcc.o(.data) for APBAHBPrescTable
[...]
    Removing stm32f10x_fsmc.o(i.FSMC_NORSRAMCmd), (52 bytes).
    Removing stm32f10x_fsmc.o(i.FSMC_NORSRAMDeInit), (54 bytes).
    Removing stm32f10x_fsmc.o(i.FSMC_NORSRAMInit), (230 bytes).
    Removing stm32f10x_fsmc.o(i.FSMC_NORSRAMStructInit), (114 bytes).
    Removing stm32f10x_fsmc.o(i.FSMC_PCCARDCmd), (48 bytes).
    Removing stm32f10x_fsmc.o(i.FSMC_PCCARDDeInit), (40 bytes).
    Removing stm32f10x_fsmc.o(i.FSMC_PCCARDInit), (132 bytes).
    Removing stm32f10x_fsmc.o(i.FSMC_PCCARDStructInit), (60 bytes).
    Removing stm32f10x_gpio.o(i.GPIO_AFIODeInit), (20 bytes).
    Removing stm32f10x_gpio.o(i.GPIO_DeInit), (200 bytes).
    Removing stm32f10x_gpio.o(i.GPIO_ETH_MediaInterfaceConfig), (12 bytes).
    Removing stm32f10x_gpio.o(i.GPIO_EXTILineConfig), (64 bytes).
    Removing stm32f10x_gpio.o(i.GPIO_EventOutputCmd), (12 bytes).
    Removing stm32f10x_gpio.o(i.GPIO_EventOutputConfig), (32 bytes).
    Removing stm32f10x_gpio.o(i.GPIO_PinLockConfig), (18 bytes).
    Removing stm32f10x_gpio.o(i.GPIO_PinRemapConfig), (144 bytes).
    Removing stm32f10x_gpio.o(i.GPIO_ReadInputData), (8 bytes).
    Removing stm32f10x_gpio.o(i.GPIO_ReadInputDataBit), (18 bytes).
    Removing stm32f10x_gpio.o(i.GPIO_ReadOutputData), (8 bytes).
    Removing stm32f10x_gpio.o(i.GPIO_ReadOutputDataBit), (18 bytes).
    Removing stm32f10x_gpio.o(i.GPIO_ResetBits), (4 bytes).
    Removing stm32f10x_gpio.o(i.GPIO_SetBits), (4 bytes).
    Removing stm32f10x_gpio.o(i.GPIO_StructInit), (16 bytes).
    Removing stm32f10x_gpio.o(i.GPIO_Write), (4 bytes).
    Removing stm32f10x_gpio.o(i.GPIO_WriteBit), (10 bytes).
    Removing stm32f10x_i2c.o(i.I2C_ARPCmd), (24 bytes).
    Removing stm32f10x_i2c.o(i.I2C_AcknowledgeConfig), (24 bytes).
    Removing stm32f10x_i2c.o(i.I2C_CalculatePEC), (24 bytes).
    Removing stm32f10x_i2c.o(i.I2C_CheckEvent), (42 bytes).
    Removing stm32f10x_i2c.o(i.I2C_ClearFlag), (12 bytes).
    Removing stm32f10x_i2c.o(i.I2C_ClearITPendingBit), (12 bytes).
    Removing stm32f10x_i2c.o(i.I2C_Cmd), (24 bytes).
    Removing stm32f10x_i2c.o(i.I2C_DMACmd), (24 bytes).
    Removing stm32f10x_i2c.o(i.I2C_DMALastTransferCmd), (24 bytes).
    Removing stm32f10x_i2c.o(i.I2C_DeInit), (56 bytes).
    Removing stm32f10x_i2c.o(i.I2C_DualAddressCmd), (24 bytes).
    Removing stm32f10x_i2c.o(i.I2C_FastModeDutyCycleConfig), (28 bytes).
    Removing stm32f10x_i2c.o(i.I2C_GeneralCallCmd), (24 bytes).
    Removing stm32f10x_i2c.o(i.I2C_GenerateSTART), (24 bytes).
    Removing stm32f10x_i2c.o(i.I2C_GenerateSTOP), (24 bytes).
    Removing stm32f10x_i2c.o(i.I2C_GetFlagStatus), (58 bytes).
    Removing stm32f10x_i2c.o(i.I2C_GetITStatus), (38 bytes).
    Removing stm32f10x_i2c.o(i.I2C_GetLastEvent), (26 bytes).
    Removing stm32f10x_i2c.o(i.I2C_GetPEC), (8 bytes).
    Removing stm32f10x_i2c.o(i.I2C_ITConfig), (18 bytes).
    Removing stm32f10x_i2c.o(i.I2C_Init), (236 bytes).
    Removing stm32f10x_i2c.o(i.I2C_NACKPositionConfig), (28 bytes).
    Removing stm32f10x_i2c.o(i.I2C_OwnAddress2Config), (22 bytes).
    Removing stm32f10x_i2c.o(i.I2C_PECPositionConfig), (28 bytes).
    Removing stm32f10x_i2c.o(i.I2C_ReadRegister), (22 bytes).
    Removing stm32f10x_i2c.o(i.I2C_ReceiveData), (8 bytes).
    Removing stm32f10x_i2c.o(i.I2C_SMBusAlertConfig), (28 bytes).
    Removing stm32f10x_i2c.o(i.I2C_Send7bitAddress), (18 bytes).
    Removing stm32f10x_i2c.o(i.I2C_SendData), (4 bytes).
    Removing stm32f10x_i2c.o(i.I2C_SoftwareResetCmd), (22 bytes).
    Removing stm32f10x_i2c.o(i.I2C_StretchClockCmd), (24 bytes).
    Removing stm32f10x_i2c.o(i.I2C_StructInit), (30 bytes).
    Removing stm32f10x_i2c.o(i.I2C_TransmitPEC), (24 bytes).
    Removing stm32f10x_iwdg.o(i.IWDG_Enable), (16 bytes).
    Removing stm32f10x_iwdg.o(i.IWDG_GetFlagStatus), (24 bytes).
    Removing stm32f10x_iwdg.o(i.IWDG_ReloadCounter), (16 bytes).
    Removing stm32f10x_iwdg.o(i.IWDG_SetPrescaler), (12 bytes).
    Removing stm32f10x_iwdg.o(i.IWDG_SetReload), (12 bytes).
    Removing stm32f10x_iwdg.o(i.IWDG_WriteAccessCmd), (12 bytes).
    Removing stm32f10x_pwr.o(i.PWR_BackupAccessCmd), (12 bytes).
    Removing stm32f10x_pwr.o(i.PWR_ClearFlag), (20 bytes).
    Removing stm32f10x_pwr.o(i.PWR_DeInit), (22 bytes).
    Removing stm32f10x_pwr.o(i.PWR_EnterSTANDBYMode), (52 bytes).
    Removing stm32f10x_pwr.o(i.PWR_EnterSTOPMode), (64 bytes).
    Removing stm32f10x_pwr.o(i.PWR_GetFlagStatus), (24 bytes).
    Removing stm32f10x_pwr.o(i.PWR_PVDCmd), (12 bytes).
    Removing stm32f10x_pwr.o(i.PWR_PVDLevelConfig), (24 bytes).
    Removing stm32f10x_pwr.o(i.PWR_WakeUpPinCmd), (12 bytes).
    Removing stm32f10x_rcc.o(i.RCC_ADCCLKConfig), (24 bytes).
    Removing stm32f10x_rcc.o(i.RCC_APB1PeriphResetCmd), (32 bytes).
    Removing stm32f10x_rcc.o(i.RCC_APB2PeriphResetCmd), (32 bytes).
    Removing stm32f10x_rcc.o(i.RCC_AdjustHSICalibrationValue), (24 bytes).
    Removing stm32f10x_rcc.o(i.RCC_BackupResetCmd), (12 bytes).
    Removing stm32f10x_rcc.o(i.RCC_ClearFlag), (20 bytes).
    Removing stm32f10x_rcc.o(i.RCC_ClearITPendingBit), (12 bytes).
    Removing stm32f10x_rcc.o(i.RCC_ClockSecuritySystemCmd), (12 bytes).
    Removing stm32f10x_rcc.o(i.RCC_DeInit), (76 bytes).
    Removing stm32f10x_rcc.o(i.RCC_GetFlagStatus), (60 bytes).
    Removing stm32f10x_rcc.o(i.RCC_GetITStatus), (24 bytes).
    Removing stm32f10x_rcc.o(i.RCC_GetSYSCLKSource), (16 bytes).
    Removing stm32f10x_rcc.o(i.RCC_HCLKConfig), (24 bytes).
    Removing stm32f10x_rcc.o(i.RCC_HSEConfig), (76 bytes).
    Removing stm32f10x_rcc.o(i.RCC_HSICmd), (12 bytes).
    Removing stm32f10x_rcc.o(i.RCC_ITConfig), (32 bytes).
    Removing stm32f10x_rcc.o(i.RCC_LSEConfig), (52 bytes).
    Removing stm32f10x_rcc.o(i.RCC_LSICmd), (12 bytes).
    Removing stm32f10x_rcc.o(i.RCC_MCOConfig), (12 bytes).
    Removing stm32f10x_rcc.o(i.RCC_PCLK1Config), (24 bytes).
    Removing stm32f10x_rcc.o(i.RCC_PCLK2Config), (24 bytes).
    Removing stm32f10x_rcc.o(i.RCC_PLLCmd), (12 bytes).
    Removing stm32f10x_rcc.o(i.RCC_PLLConfig), (28 bytes).
    Removing stm32f10x_rcc.o(i.RCC_RTCCLKCmd), (12 bytes).
    Removing stm32f10x_rcc.o(i.RCC_RTCCLKConfig), (16 bytes).
    Removing stm32f10x_rcc.o(i.RCC_SYSCLKConfig), (24 bytes).
    Removing stm32f10x_rcc.o(i.RCC_USBCLKConfig), (12 bytes).
    Removing stm32f10x_rcc.o(i.RCC_WaitForHSEStartUp), (56 bytes).
    Removing stm32f10x_rtc.o(i.RTC_ClearFlag), (16 bytes).
    Removing stm32f10x_rtc.o(i.RTC_ClearITPendingBit), (16 bytes).
    Removing stm32f10x_rtc.o(i.RTC_EnterConfigMode), (20 bytes).
    Removing stm32f10x_rtc.o(i.RTC_ExitConfigMode), (20 bytes).
    Removing stm32f10x_rtc.o(i.RTC_GetCounter), (20 bytes).
    Removing stm32f10x_rtc.o(i.RTC_GetDivider), (24 bytes).
    Removing stm32f10x_rtc.o(i.RTC_GetFlagStatus), (24 bytes).
    Removing stm32f10x_rtc.o(i.RTC_GetITStatus), (36 bytes).
    Removing stm32f10x_rtc.o(i.RTC_ITConfig), (32 bytes).
    Removing stm32f10x_rtc.o(i.RTC_SetAlarm), (28 bytes).
    Removing stm32f10x_rtc.o(i.RTC_SetCounter), (28 bytes).
    Removing stm32f10x_rtc.o(i.RTC_SetPrescaler), (32 bytes).
    Removing stm32f10x_rtc.o(i.RTC_WaitForLastTask), (20 bytes).
    Removing stm32f10x_rtc.o(i.RTC_WaitForSynchro), (36 bytes).
    Removing stm32f10x_sdio.o(i.SDIO_CEATAITCmd), (16 bytes).
    Removing stm32f10x_sdio.o(i.SDIO_ClearFlag), (12 bytes).
    Removing stm32f10x_sdio.o(i.SDIO_ClearITPendingBit), (12 bytes).
    Removing stm32f10x_sdio.o(i.SDIO_ClockCmd), (12 bytes).
    Removing stm32f10x_sdio.o(i.SDIO_CmdStructInit), (14 bytes).
    Removing stm32f10x_sdio.o(i.SDIO_CommandCompletionCmd), (12 bytes).
    Removing stm32f10x_sdio.o(i.SDIO_DMACmd), (12 bytes).
    Removing stm32f10x_sdio.o(i.SDIO_DataConfig), (48 bytes).
    Removing stm32f10x_sdio.o(i.SDIO_DataStructInit), (20 bytes).
    Removing stm32f10x_sdio.o(i.SDIO_DeInit), (36 bytes).
    Removing stm32f10x_sdio.o(i.SDIO_GetCommandResponse), (12 bytes).
    Removing stm32f10x_sdio.o(i.SDIO_GetDataCounter), (12 bytes).
    Removing stm32f10x_sdio.o(i.SDIO_GetFIFOCount), (12 bytes).
    Removing stm32f10x_sdio.o(i.SDIO_GetFlagStatus), (24 bytes).
    Removing stm32f10x_sdio.o(i.SDIO_GetITStatus), (24 bytes).
    Removing stm32f10x_sdio.o(i.SDIO_GetPowerState), (16 bytes).
    Removing stm32f10x_sdio.o(i.SDIO_GetResponse), (24 bytes).
    Removing stm32f10x_sdio.o(i.SDIO_ITConfig), (32 bytes).
    Removing stm32f10x_sdio.o(i.SDIO_Init), (48 bytes).
    Removing stm32f10x_sdio.o(i.SDIO_ReadData), (12 bytes).
    Removing stm32f10x_sdio.o(i.SDIO_SendCEATACmd), (12 bytes).
    Removing stm32f10x_sdio.o(i.SDIO_SendCommand), (44 bytes).
    Removing stm32f10x_sdio.o(i.SDIO_SendSDIOSuspendCmd), (12 bytes).
    Removing stm32f10x_sdio.o(i.SDIO_SetPowerState), (28 bytes).
    Removing stm32f10x_sdio.o(i.SDIO_SetSDIOOperation), (12 bytes).
    Removing stm32f10x_sdio.o(i.SDIO_SetSDIOReadWaitMode), (12 bytes).
    Removing stm32f10x_sdio.o(i.SDIO_StartSDIOReadWait), (12 bytes).
    Removing stm32f10x_sdio.o(i.SDIO_StopSDIOReadWait), (12 bytes).
    Removing stm32f10x_sdio.o(i.SDIO_StructInit), (16 bytes).
    Removing stm32f10x_sdio.o(i.SDIO_WriteData), (12 bytes).
    Removing stm32f10x_spi.o(i.I2S_Cmd), (24 bytes).
    Removing stm32f10x_spi.o(i.I2S_Init), (232 bytes).
    Removing stm32f10x_spi.o(i.I2S_StructInit), (20 bytes).
    Removing stm32f10x_spi.o(i.SPI_BiDirectionalLineConfig), (28 bytes).
    Removing stm32f10x_spi.o(i.SPI_CalculateCRC), (24 bytes).
    Removing stm32f10x_spi.o(i.SPI_DataSizeConfig), (18 bytes).
    Removing stm32f10x_spi.o(i.SPI_GetCRC), (16 bytes).
    Removing stm32f10x_spi.o(i.SPI_GetCRCPolynomial), (6 bytes).
    Removing stm32f10x_spi.o(i.SPI_I2S_ClearFlag), (6 bytes).
    Removing stm32f10x_spi.o(i.SPI_I2S_ClearITPendingBit), (20 bytes).
    Removing stm32f10x_spi.o(i.SPI_I2S_DeInit), (88 bytes).
    Removing stm32f10x_spi.o(i.SPI_I2S_GetITStatus), (52 bytes).
    Removing stm32f10x_spi.o(i.SPI_I2S_ITConfig), (32 bytes).
    Removing stm32f10x_spi.o(i.SPI_I2S_ReceiveData), (6 bytes).
    Removing stm32f10x_spi.o(i.SPI_NSSInternalSoftwareConfig), (30 bytes).
    Removing stm32f10x_spi.o(i.SPI_SSOutputCmd), (24 bytes).
    Removing stm32f10x_spi.o(i.SPI_StructInit), (24 bytes).
    Removing stm32f10x_spi.o(i.SPI_TransmitCRC), (10 bytes).
    Removing stm32f10x_tim.o(i.TI1_Config), (128 bytes).
    Removing stm32f10x_tim.o(i.TI2_Config), (152 bytes).
    Removing stm32f10x_tim.o(i.TI3_Config), (144 bytes).
    Removing stm32f10x_tim.o(i.TI4_Config), (152 bytes).
    Removing stm32f10x_tim.o(i.TIM_ARRPreloadConfig), (24 bytes).
    Removing stm32f10x_tim.o(i.TIM_BDTRConfig), (32 bytes).
    Removing stm32f10x_tim.o(i.TIM_BDTRStructInit), (18 bytes).
    Removing stm32f10x_tim.o(i.TIM_CCPreloadControl), (24 bytes).
    Removing stm32f10x_tim.o(i.TIM_CCxCmd), (30 bytes).
    Removing stm32f10x_tim.o(i.TIM_CCxNCmd), (30 bytes).
    Removing stm32f10x_tim.o(i.TIM_ClearFlag), (6 bytes).
    Removing stm32f10x_tim.o(i.TIM_ClearITPendingBit), (6 bytes).
    Removing stm32f10x_tim.o(i.TIM_ClearOC1Ref), (18 bytes).
    Removing stm32f10x_tim.o(i.TIM_ClearOC2Ref), (24 bytes).
    Removing stm32f10x_tim.o(i.TIM_ClearOC3Ref), (18 bytes).
    Removing stm32f10x_tim.o(i.TIM_ClearOC4Ref), (24 bytes).
    Removing stm32f10x_tim.o(i.TIM_Cmd), (24 bytes).
    Removing stm32f10x_tim.o(i.TIM_CounterModeConfig), (18 bytes).
    Removing stm32f10x_tim.o(i.TIM_CtrlPWMOutputs), (30 bytes).
    Removing stm32f10x_tim.o(i.TIM_DMACmd), (18 bytes).
    Removing stm32f10x_tim.o(i.TIM_DMAConfig), (10 bytes).
    Removing stm32f10x_tim.o(i.TIM_DeInit), (488 bytes).
    Removing stm32f10x_tim.o(i.TIM_ETRClockMode1Config), (54 bytes).
    Removing stm32f10x_tim.o(i.TIM_ETRClockMode2Config), (32 bytes).
    Removing stm32f10x_tim.o(i.TIM_ETRConfig), (28 bytes).
    Removing stm32f10x_tim.o(i.TIM_EncoderInterfaceConfig), (66 bytes).
    Removing stm32f10x_tim.o(i.TIM_ForcedOC1Config), (18 bytes).
    Removing stm32f10x_tim.o(i.TIM_ForcedOC2Config), (26 bytes).
    Removing stm32f10x_tim.o(i.TIM_ForcedOC3Config), (18 bytes).
    Removing stm32f10x_tim.o(i.TIM_ForcedOC4Config), (26 bytes).
    Removing stm32f10x_tim.o(i.TIM_GenerateEvent), (4 bytes).
    Removing stm32f10x_tim.o(i.TIM_GetCapture1), (6 bytes).
    Removing stm32f10x_tim.o(i.TIM_GetCapture2), (6 bytes).
    Removing stm32f10x_tim.o(i.TIM_GetCapture3), (6 bytes).
    Removing stm32f10x_tim.o(i.TIM_GetCapture4), (8 bytes).
    Removing stm32f10x_tim.o(i.TIM_GetCounter), (6 bytes).
    Removing stm32f10x_tim.o(i.TIM_GetFlagStatus), (18 bytes).
    Removing stm32f10x_tim.o(i.TIM_GetITStatus), (34 bytes).
    Removing stm32f10x_tim.o(i.TIM_GetPrescaler), (6 bytes).
    Removing stm32f10x_tim.o(i.TIM_ICInit), (172 bytes).
    Removing stm32f10x_tim.o(i.TIM_ICStructInit), (18 bytes).
    Removing stm32f10x_tim.o(i.TIM_ITConfig), (18 bytes).
    Removing stm32f10x_tim.o(i.TIM_ITRxExternalClockConfig), (24 bytes).
    Removing stm32f10x_tim.o(i.TIM_InternalClockConfig), (12 bytes).
    Removing stm32f10x_tim.o(i.TIM_OC1FastConfig), (18 bytes).
    Removing stm32f10x_tim.o(i.TIM_OC1Init), (152 bytes).
    Removing stm32f10x_tim.o(i.TIM_OC1NPolarityConfig), (18 bytes).
    Removing stm32f10x_tim.o(i.TIM_OC1PolarityConfig), (18 bytes).
    Removing stm32f10x_tim.o(i.TIM_OC1PreloadConfig), (18 bytes).
    Removing stm32f10x_tim.o(i.TIM_OC2FastConfig), (26 bytes).
    Removing stm32f10x_tim.o(i.TIM_OC2Init), (164 bytes).
    Removing stm32f10x_tim.o(i.TIM_OC2NPolarityConfig), (26 bytes).
    Removing stm32f10x_tim.o(i.TIM_OC2PolarityConfig), (26 bytes).
    Removing stm32f10x_tim.o(i.TIM_OC2PreloadConfig), (26 bytes).
    Removing stm32f10x_tim.o(i.TIM_OC3FastConfig), (18 bytes).
    Removing stm32f10x_tim.o(i.TIM_OC3Init), (160 bytes).
    Removing stm32f10x_tim.o(i.TIM_OC3NPolarityConfig), (26 bytes).
    Removing stm32f10x_tim.o(i.TIM_OC3PolarityConfig), (26 bytes).
    Removing stm32f10x_tim.o(i.TIM_OC3PreloadConfig), (18 bytes).
    Removing stm32f10x_tim.o(i.TIM_OC4FastConfig), (26 bytes).
    Removing stm32f10x_tim.o(i.TIM_OC4Init), (124 bytes).
    Removing stm32f10x_tim.o(i.TIM_OC4PolarityConfig), (26 bytes).
    Removing stm32f10x_tim.o(i.TIM_OC4PreloadConfig), (26 bytes).
    Removing stm32f10x_tim.o(i.TIM_OCStructInit), (20 bytes).
    Removing stm32f10x_tim.o(i.TIM_PWMIConfig), (124 bytes).
    Removing stm32f10x_tim.o(i.TIM_PrescalerConfig), (6 bytes).
    Removing stm32f10x_tim.o(i.TIM_SelectCCDMA), (24 bytes).
    Removing stm32f10x_tim.o(i.TIM_SelectCOM), (24 bytes).
    Removing stm32f10x_tim.o(i.TIM_SelectHallSensor), (24 bytes).
    Removing stm32f10x_tim.o(i.TIM_SelectInputTrigger), (18 bytes).
    Removing stm32f10x_tim.o(i.TIM_SelectMasterSlaveMode), (18 bytes).
    Removing stm32f10x_tim.o(i.TIM_SelectOCxM), (82 bytes).
    Removing stm32f10x_tim.o(i.TIM_SelectOnePulseMode), (18 bytes).
    Removing stm32f10x_tim.o(i.TIM_SelectOutputTrigger), (18 bytes).
    Removing stm32f10x_tim.o(i.TIM_SelectSlaveMode), (18 bytes).
    Removing stm32f10x_tim.o(i.TIM_SetAutoreload), (4 bytes).
    Removing stm32f10x_tim.o(i.TIM_SetClockDivision), (18 bytes).
    Removing stm32f10x_tim.o(i.TIM_SetCompare1), (4 bytes).
    Removing stm32f10x_tim.o(i.TIM_SetCompare2), (4 bytes).
    Removing stm32f10x_tim.o(i.TIM_SetCompare3), (4 bytes).
    Removing stm32f10x_tim.o(i.TIM_SetCompare4), (6 bytes).
    Removing stm32f10x_tim.o(i.TIM_SetCounter), (4 bytes).
    Removing stm32f10x_tim.o(i.TIM_SetIC1Prescaler), (18 bytes).
    Removing stm32f10x_tim.o(i.TIM_SetIC2Prescaler), (26 bytes).
    Removing stm32f10x_tim.o(i.TIM_SetIC3Prescaler), (18 bytes).
    Removing stm32f10x_tim.o(i.TIM_SetIC4Prescaler), (26 bytes).
    Removing stm32f10x_tim.o(i.TIM_TIxExternalClockConfig), (62 bytes).
    Removing stm32f10x_tim.o(i.TIM_TimeBaseInit), (164 bytes).
    Removing stm32f10x_tim.o(i.TIM_TimeBaseStructInit), (18 bytes).
    Removing stm32f10x_tim.o(i.TIM_UpdateDisableConfig), (24 bytes).
    Removing stm32f10x_tim.o(i.TIM_UpdateRequestConfig), (24 bytes).
    Removing stm32f10x_usart.o(i.USART_ClearFlag), (18 bytes).
    Removing stm32f10x_usart.o(i.USART_ClockInit), (34 bytes).
    Removing stm32f10x_usart.o(i.USART_ClockStructInit), (12 bytes).
    Removing stm32f10x_usart.o(i.USART_DMACmd), (18 bytes).
    Removing stm32f10x_usart.o(i.USART_DeInit), (156 bytes).
    Removing stm32f10x_usart.o(i.USART_HalfDuplexCmd), (24 bytes).
    Removing stm32f10x_usart.o(i.USART_IrDACmd), (24 bytes).
    Removing stm32f10x_usart.o(i.USART_IrDAConfig), (18 bytes).
    Removing stm32f10x_usart.o(i.USART_LINBreakDetectLengthConfig), (18 bytes).
    Removing stm32f10x_usart.o(i.USART_LINCmd), (24 bytes).
    Removing stm32f10x_usart.o(i.USART_OneBitMethodCmd), (24 bytes).
    Removing stm32f10x_usart.o(i.USART_OverSampling8Cmd), (22 bytes).
    Removing stm32f10x_usart.o(i.USART_ReceiverWakeUpCmd), (24 bytes).
    Removing stm32f10x_usart.o(i.USART_SendBreak), (10 bytes).
    Removing stm32f10x_usart.o(i.USART_SetAddress), (18 bytes).
    Removing stm32f10x_usart.o(i.USART_SetGuardTime), (16 bytes).
    Removing stm32f10x_usart.o(i.USART_SetPrescaler), (16 bytes).
    Removing stm32f10x_usart.o(i.USART_SmartCardCmd), (24 bytes).
    Removing stm32f10x_usart.o(i.USART_SmartCardNACKCmd), (24 bytes).
    Removing stm32f10x_usart.o(i.USART_StructInit), (24 bytes).
    Removing stm32f10x_usart.o(i.USART_WakeUpConfig), (18 bytes).
    Removing stm32f10x_wwdg.o(i.WWDG_ClearFlag), (12 bytes).
    Removing stm32f10x_wwdg.o(i.WWDG_DeInit), (22 bytes).
    Removing stm32f10x_wwdg.o(i.WWDG_Enable), (16 bytes).
    Removing stm32f10x_wwdg.o(i.WWDG_EnableIT), (12 bytes).
    Removing stm32f10x_wwdg.o(i.WWDG_GetFlagStatus), (12 bytes).
    Removing stm32f10x_wwdg.o(i.WWDG_SetCounter), (16 bytes).
    Removing stm32f10x_wwdg.o(i.WWDG_SetPrescaler), (24 bytes).
    Removing stm32f10x_wwdg.o(i.WWDG_SetWindowValue), (40 bytes).
    Removing delay.o(i.Delay_s), (24 bytes).
    Removing ff.o(i.create_partition), (346 bytes).
    Removing ff.o(i.f_lseek), (688 bytes).
    Removing ff.o(i.f_mkfs), (1704 bytes).
    Removing ff.o(i.f_write), (494 bytes).
    Removing key.o(i.Judge), (44 bytes).
    Removing key.o(i.Key_Init), (44 bytes).
    Removing myspi.o(i.MySPI1_SwapByte), (56 bytes).
    Removing serial.o(i.Serial_CalculateLength), (30 bytes).
    Removing serial.o(i.Serial_Pow), (20 bytes).
    Removing serial.o(i.Serial_Printf), (36 bytes).
    Removing serial.o(i.Serial_SendArray), (26 bytes).
    Removing serial.o(i.Serial_SendNumber), (64 bytes).
    Removing serial.o(i.Serial_Send_String), (26 bytes).
    Removing mysd.o(i.SD_Get_BlockSize), (6 bytes).
    Removing mysd.o(i.SD_Get_cid), (48 bytes).
    Removing st7789.o(i.LCD_Clear), (48 bytes).
    Removing st7789.o(i.LCD_DrawPoint), (28 bytes).
    Removing st7789.o(i.LCD_Fill), (70 bytes).
    Removing st7789.o(i.ST7789_Write_Cmd_Data16), (20 bytes).
    Removing dadd.o(.text), (334 bytes).
    Removing dmul.o(.text), (228 bytes).
    Removing ddiv.o(.text), (222 bytes).
    Removing dfixul.o(.text), (48 bytes).
    Removing cdrcmple.o(.text), (48 bytes).
    Removing depilogue.o(.text), (186 bytes).

476 unused section(s) (total 23498 bytes) removed from the image.

==============================================================================

Image Symbol Table

    Local Symbols

    Symbol Name                              Value     Ov Type        Size  Object(Section)

    ../clib/microlib/ctype/ctype.c           0x00000000   Number         0  ctype_c.o ABSOLUTE
    ../clib/microlib/ctype/ctype.c           0x00000000   Number         0  isspace_c.o ABSOLUTE
    ../clib/microlib/division.c              0x00000000   Number         0  uidiv.o ABSOLUTE
    ../clib/microlib/division.c              0x00000000   Number         0  uldiv.o ABSOLUTE
    ../clib/microlib/init/entry.s            0x00000000   Number         0  entry7b.o ABSOLUTE
    ../clib/microlib/init/entry.s            0x00000000   Number         0  entry11a.o ABSOLUTE
    ../clib/microlib/init/entry.s            0x00000000   Number         0  entry10a.o ABSOLUTE
    ../clib/microlib/init/entry.s            0x00000000   Number         0  entry9b.o ABSOLUTE
    ../clib/microlib/init/entry.s            0x00000000   Number         0  entry9a.o ABSOLUTE
    ../clib/microlib/init/entry.s            0x00000000   Number         0  entry8b.o ABSOLUTE
    ../clib/microlib/init/entry.s            0x00000000   Number         0  entry8a.o ABSOLUTE
    ../clib/microlib/init/entry.s            0x00000000   Number         0  entry.o ABSOLUTE
    ../clib/microlib/init/entry.s            0x00000000   Number         0  entry2.o ABSOLUTE
    ../clib/microlib/init/entry.s            0x00000000   Number         0  entry5.o ABSOLUTE
    ../clib/microlib/init/entry.s            0x00000000   Number         0  entry7a.o ABSOLUTE
    ../clib/microlib/init/entry.s            0x00000000   Number         0  entry10b.o ABSOLUTE
    ../clib/microlib/init/entry.s            0x00000000   Number         0  entry11b.o ABSOLUTE
    ../clib/microlib/longlong.c              0x00000000   Number         0  llshl.o ABSOLUTE
    ../clib/microlib/longlong.c              0x00000000   Number         0  llushr.o ABSOLUTE
    ../clib/microlib/longlong.c              0x00000000   Number         0  llsshr.o ABSOLUTE
    ../clib/microlib/printf/printf.c         0x00000000   Number         0  printf1.o ABSOLUTE
    ../clib/microlib/printf/printf.c         0x00000000   Number         0  printf0.o ABSOLUTE
    ../clib/microlib/printf/printf.c         0x00000000   Number         0  printf2.o ABSOLUTE
    ../clib/microlib/printf/printf.c         0x00000000   Number         0  printf4.o ABSOLUTE
    ../clib/microlib/printf/printf.c         0x00000000   Number         0  printf5.o ABSOLUTE
    ../clib/microlib/printf/printf.c         0x00000000   Number         0  printf6.o ABSOLUTE
    ../clib/microlib/printf/printf.c         0x00000000   Number         0  printf7.o ABSOLUTE
    ../clib/microlib/printf/printf.c         0x00000000   Number         0  printf8.o ABSOLUTE
    ../clib/microlib/printf/printf.c         0x00000000   Number         0  printfa.o ABSOLUTE
    ../clib/microlib/printf/printf.c         0x00000000   Number         0  printfb.o ABSOLUTE
    ../clib/microlib/printf/printf.c         0x00000000   Number         0  printf3.o ABSOLUTE
    ../clib/microlib/printf/stubs.s          0x00000000   Number         0  stubs.o ABSOLUTE
    ../clib/microlib/stdio/streams.c         0x00000000   Number         0  stdout.o ABSOLUTE
    ../clib/microlib/string/memcmp.c         0x00000000   Number         0  memcmp.o ABSOLUTE
    ../clib/microlib/string/memcpy.c         0x00000000   Number         0  memcpyb.o ABSOLUTE
    ../clib/microlib/string/memcpy.c         0x00000000   Number         0  memcpya.o ABSOLUTE
    ../clib/microlib/string/memset.c         0x00000000   Number         0  memseta.o ABSOLUTE
    ../clib/microlib/string/strchr.c         0x00000000   Number         0  strchr.o ABSOLUTE
    ../clib/microlib/string/strcmp.c         0x00000000   Number         0  strcmp.o ABSOLUTE
    ../clib/microlib/stubs.s                 0x00000000   Number         0  iusefp.o ABSOLUTE
    ../clib/scanf.c                          0x00000000   Number         0  scanf_char.o ABSOLUTE
    ../clib/scanf.c                          0x00000000   Number         0  _scanf_str.o ABSOLUTE
    ../clib/scanf.c                          0x00000000   Number         0  __0sscanf.o ABSOLUTE
    ../clib/scanf.c                          0x00000000   Number         0  _scanf.o ABSOLUTE
    ../clib/scanf.c                          0x00000000   Number         0  _sgetc.o ABSOLUTE
    ../fplib/microlib/fpadd.c                0x00000000   Number         0  dadd.o ABSOLUTE
    ../fplib/microlib/fpdiv.c                0x00000000   Number         0  ddiv.o ABSOLUTE
    ../fplib/microlib/fpepilogue.c           0x00000000   Number         0  depilogue.o ABSOLUTE
    ../fplib/microlib/fpfix.c                0x00000000   Number         0  dfixul.o ABSOLUTE
    ../fplib/microlib/fpmul.c                0x00000000   Number         0  dmul.o ABSOLUTE
    FATFS\diskio.c                           0x00000000   Number         0  diskio.o ABSOLUTE
    FATFS\ff.c                               0x00000000   Number         0  ff.o ABSOLUTE
    FATFS\ffsystem.c                         0x00000000   Number         0  ffsystem.o ABSOLUTE
    FATFS\ffunicode.c                        0x00000000   Number         0  ffunicode.o ABSOLUTE
    Hardware\MyDMA.c                         0x00000000   Number         0  mydma.o ABSOLUTE
    Hardware\MySD.c                          0x00000000   Number         0  mysd.o ABSOLUTE
    Hardware\MySPI.c                         0x00000000   Number         0  myspi.o ABSOLUTE
    Hardware\ST7789.c                        0x00000000   Number         0  st7789.o ABSOLUTE
    Hardware\Serial.c                        0x00000000   Number         0  serial.o ABSOLUTE
    Hardware\key.c                           0x00000000   Number         0  key.o ABSOLUTE
    Libary\misc.c                            0x00000000   Number         0  misc.o ABSOLUTE
    Libary\stm32f10x_adc.c                   0x00000000   Number         0  stm32f10x_adc.o ABSOLUTE
    Libary\stm32f10x_bkp.c                   0x00000000   Number         0  stm32f10x_bkp.o ABSOLUTE
    Libary\stm32f10x_can.c                   0x00000000   Number         0  stm32f10x_can.o ABSOLUTE
    Libary\stm32f10x_cec.c                   0x00000000   Number         0  stm32f10x_cec.o ABSOLUTE
    Libary\stm32f10x_crc.c                   0x00000000   Number         0  stm32f10x_crc.o ABSOLUTE
    Libary\stm32f10x_dac.c                   0x00000000   Number         0  stm32f10x_dac.o ABSOLUTE
    Libary\stm32f10x_dbgmcu.c                0x00000000   Number         0  stm32f10x_dbgmcu.o ABSOLUTE
    Libary\stm32f10x_dma.c                   0x00000000   Number         0  stm32f10x_dma.o ABSOLUTE
    Libary\stm32f10x_exti.c                  0x00000000   Number         0  stm32f10x_exti.o ABSOLUTE
    Libary\stm32f10x_flash.c                 0x00000000   Number         0  stm32f10x_flash.o ABSOLUTE
    Libary\stm32f10x_fsmc.c                  0x00000000   Number         0  stm32f10x_fsmc.o ABSOLUTE
    Libary\stm32f10x_gpio.c                  0x00000000   Number         0  stm32f10x_gpio.o ABSOLUTE
    Libary\stm32f10x_i2c.c                   0x00000000   Number         0  stm32f10x_i2c.o ABSOLUTE
    Libary\stm32f10x_iwdg.c                  0x00000000   Number         0  stm32f10x_iwdg.o ABSOLUTE
    Libary\stm32f10x_pwr.c                   0x00000000   Number         0  stm32f10x_pwr.o ABSOLUTE
    Libary\stm32f10x_rcc.c                   0x00000000   Number         0  stm32f10x_rcc.o ABSOLUTE
    Libary\stm32f10x_rtc.c                   0x00000000   Number         0  stm32f10x_rtc.o ABSOLUTE
    Libary\stm32f10x_sdio.c                  0x00000000   Number         0  stm32f10x_sdio.o ABSOLUTE
    Libary\stm32f10x_spi.c                   0x00000000   Number         0  stm32f10x_spi.o ABSOLUTE
    Libary\stm32f10x_tim.c                   0x00000000   Number         0  stm32f10x_tim.o ABSOLUTE
    Libary\stm32f10x_usart.c                 0x00000000   Number         0  stm32f10x_usart.o ABSOLUTE
    Libary\stm32f10x_wwdg.c                  0x00000000   Number         0  stm32f10x_wwdg.o ABSOLUTE
    Start\\core_cm3.c                        0x00000000   Number         0  core_cm3.o ABSOLUTE
    Start\core_cm3.c                         0x00000000   Number         0  core_cm3.o ABSOLUTE
    Start\startup_stm32f10x_md.s             0x00000000   Number         0  startup_stm32f10x_md.o ABSOLUTE
    Start\system_stm32f10x.c                 0x00000000   Number         0  system_stm32f10x.o ABSOLUTE
    System\Delay.c                           0x00000000   Number         0  delay.o ABSOLUTE
    User\main.c                              0x00000000   Number         0  main.o ABSOLUTE
    User\stm32f10x_it.c                      0x00000000   Number         0  stm32f10x_it.o ABSOLUTE
    cdrcmple.s                               0x00000000   Number         0  cdrcmple.o ABSOLUTE
    dc.s                                     0x00000000   Number         0  dc.o ABSOLUTE
    handlers.s                               0x00000000   Number         0  handlers.o ABSOLUTE
    init.s                                   0x00000000   Number         0  init.o ABSOLUTE
    RESET                                    0x08000000   Section      236  startup_stm32f10x_md.o(RESET)
    .ARM.Collect$$$$00000000                 0x080000ec   Section        0  entry.o(.ARM.Collect$$$$00000000)
    .ARM.Collect$$$$00000001                 0x080000ec   Section        4  entry2.o(.ARM.Collect$$$$00000001)
    .ARM.Collect$$$$00000004                 0x080000f0   Section        4  entry5.o(.ARM.Collect$$$$00000004)
    .ARM.Collect$$$$00000008                 0x080000f4   Section        0  entry7b.o(.ARM.Collect$$$$00000008)
    .ARM.Collect$$$$0000000A                 0x080000f4   Section        0  entry8b.o(.ARM.Collect$$$$0000000A)
    .ARM.Collect$$$$0000000B                 0x080000f4   Section        8  entry9a.o(.ARM.Collect$$$$0000000B)
    .ARM.Collect$$$$0000000D                 0x080000fc   Section        0  entry10a.o(.ARM.Collect$$$$0000000D)
    .ARM.Collect$$$$0000000F                 0x080000fc   Section        0  entry11a.o(.ARM.Collect$$$$0000000F)
    .ARM.Collect$$$$00002712                 0x080000fc   Section        4  entry2.o(.ARM.Collect$$$$00002712)
    __lit__00000000                          0x080000fc   Data           4  entry2.o(.ARM.Collect$$$$00002712)
    .text                                    0x08000100   Section       36  startup_stm32f10x_md.o(.text)
    .text                                    0x08000124   Section        0  memcpya.o(.text)
    .text                                    0x08000148   Section        0  memseta.o(.text)
    .text                                    0x0800016c   Section        0  strchr.o(.text)
    .text                                    0x08000180   Section        0  strcmp.o(.text)
    .text                                    0x0800019c   Section        0  memcmp.o(.text)
    .text                                    0x080001b8   Section        0  __0sscanf.o(.text)
    .text                                    0x080001f0   Section        0  _scanf_str.o(.text)
    .text                                    0x080002d0   Section        0  uldiv.o(.text)
    .text                                    0x08000334   Section        0  scanf_char.o(.text)
    _scanf_char_input                        0x08000335   Thumb Code    12  scanf_char.o(.text)
    .text                                    0x0800035c   Section        0  _sgetc.o(.text)
    .text                                    0x0800039c   Section       36  init.o(.text)
    .text                                    0x080003c0   Section        0  llshl.o(.text)
    .text                                    0x080003de   Section        0  llushr.o(.text)
    .text                                    0x080003fe   Section        0  isspace_c.o(.text)
    .text                                    0x08000408   Section        0  _scanf.o(.text)
    .text                                    0x08000734   Section        0  ctype_c.o(.text)
    i.BusFault_Handler                       0x0800075c   Section        0  stm32f10x_it.o(i.BusFault_Handler)
    i.DMA_ClearFlag                          0x08000760   Section        0  stm32f10x_dma.o(i.DMA_ClearFlag)
    i.DMA_Cmd                                0x0800077c   Section        0  stm32f10x_dma.o(i.DMA_Cmd)
    i.DMA_DeInit                             0x08000794   Section        0  stm32f10x_dma.o(i.DMA_DeInit)
    i.DMA_GetFlagStatus                      0x080008e0   Section        0  stm32f10x_dma.o(i.DMA_GetFlagStatus)
    i.DMA_Init                               0x0800090c   Section        0  stm32f10x_dma.o(i.DMA_Init)
    i.DMA_SetCurrDataCounter                 0x08000948   Section        0  stm32f10x_dma.o(i.DMA_SetCurrDataCounter)
    i.DebugMon_Handler                       0x0800094c   Section        0  stm32f10x_it.o(i.DebugMon_Handler)
    i.Delay_ms                               0x0800094e   Section        0  delay.o(i.Delay_ms)
    i.Delay_us                               0x08000966   Section        0  delay.o(i.Delay_us)
    i.GPIO_Init                              0x08000994   Section        0  stm32f10x_gpio.o(i.GPIO_Init)
    i.HardFault_Handler                      0x08000aaa   Section        0  stm32f10x_it.o(i.HardFault_Handler)
    i.LCD_Fill_DMA                           0x08000ab0   Section        0  st7789.o(i.LCD_Fill_DMA)
    i.ListFile                               0x08000aec   Section        0  main.o(i.ListFile)
    i.MemManage_Handler                      0x08000bc0   Section        0  stm32f10x_it.o(i.MemManage_Handler)
    i.MySPI1_Init                            0x08000bc4   Section        0  myspi.o(i.MySPI1_Init)
    i.MySPI2_Init                            0x08000c78   Section        0  myspi.o(i.MySPI2_Init)
    i.My_DMA_Init1                           0x08000d20   Section        0  mydma.o(i.My_DMA_Init1)
    i.My_DMA_Init2                           0x08000db0   Section        0  mydma.o(i.My_DMA_Init2)
    i.My_DMA_Transfer2                       0x08000e08   Section        0  mydma.o(i.My_DMA_Transfer2)
    i.My_DMA_TransferAndReceive1             0x08000e48   Section        0  mydma.o(i.My_DMA_TransferAndReceive1)
    i.NMI_Handler                            0x08000eb8   Section        0  stm32f10x_it.o(i.NMI_Handler)
    i.NVIC_Init                              0x08000ebc   Section        0  misc.o(i.NVIC_Init)
    i.NVIC_PriorityGroupConfig               0x08000f2c   Section        0  misc.o(i.NVIC_PriorityGroupConfig)
    i.PendSV_Handler                         0x08000f40   Section        0  stm32f10x_it.o(i.PendSV_Handler)
    i.RCC_AHBPeriphClockCmd                  0x08000f44   Section        0  stm32f10x_rcc.o(i.RCC_AHBPeriphClockCmd)
    i.RCC_APB1PeriphClockCmd                 0x08000f64   Section        0  stm32f10x_rcc.o(i.RCC_APB1PeriphClockCmd)
    i.RCC_APB2PeriphClockCmd                 0x08000f84   Section        0  stm32f10x_rcc.o(i.RCC_APB2PeriphClockCmd)
    i.RCC_GetClocksFreq                      0x08000fa4   Section        0  stm32f10x_rcc.o(i.RCC_GetClocksFreq)
    i.SD_Get_SectorNum                       0x08001078   Section        0  mysd.o(i.SD_Get_SectorNum)
    i.SD_Get_SectorSize                      0x080010ee   Section        0  mysd.o(i.SD_Get_SectorSize)
    i.SD_Get_csd                             0x080010f4   Section        0  mysd.o(i.SD_Get_csd)
    i.SD_Init                                0x08001124   Section        0  mysd.o(i.SD_Init)
    i.SD_Read_Data                           0x080012d0   Section        0  mysd.o(i.SD_Read_Data)
    i.SD_Read_Sector                         0x0800130c   Section        0  mysd.o(i.SD_Read_Sector)
    i.SD_Read_Write_Byte                     0x08001388   Section        0  mysd.o(i.SD_Read_Write_Byte)
    i.SD_SendCmd                             0x0800139c   Section        0  mysd.o(i.SD_SendCmd)
    i.SD_Send_Block_Data                     0x08001418   Section        0  mysd.o(i.SD_Send_Block_Data)
    i.SD_Sync_Data                           0x08001474   Section        0  mysd.o(i.SD_Sync_Data)
    i.SD_Write_Sector                        0x080014a0   Section        0  mysd.o(i.SD_Write_Sector)
    i.SPI_Cmd                                0x08001538   Section        0  stm32f10x_spi.o(i.SPI_Cmd)
    i.SPI_I2S_DMACmd                         0x08001550   Section        0  stm32f10x_spi.o(i.SPI_I2S_DMACmd)
    i.SPI_I2S_GetFlagStatus                  0x08001562   Section        0  stm32f10x_spi.o(i.SPI_I2S_GetFlagStatus)
    i.SPI_I2S_SendData                       0x08001574   Section        0  stm32f10x_spi.o(i.SPI_I2S_SendData)
    i.SPI_Init                               0x08001578   Section        0  stm32f10x_spi.o(i.SPI_Init)
    i.ST7789_Address_Set                     0x080015b4   Section        0  st7789.o(i.ST7789_Address_Set)
    i.ST7789_Init                            0x080015f0   Section        0  st7789.o(i.ST7789_Init)
    i.ST7789_Write_Bus                       0x08001798   Section        0  st7789.o(i.ST7789_Write_Bus)
    i.ST7789_Write_Cmd8                      0x080017b8   Section        0  st7789.o(i.ST7789_Write_Cmd8)
    i.ST7789_Write_Data16                    0x080017d0   Section        0  st7789.o(i.ST7789_Write_Data16)
    i.ST7789_Write_Data8                     0x08001814   Section        0  st7789.o(i.ST7789_Write_Data8)
    i.SVC_Handler                            0x08001840   Section        0  stm32f10x_it.o(i.SVC_Handler)
    i.Serial_Init                            0x08001844   Section        0  serial.o(i.Serial_Init)
    i.Serial_SendByte                        0x080018fc   Section        0  serial.o(i.Serial_SendByte)
    i.SetSysClock                            0x0800191c   Section        0  system_stm32f10x.o(i.SetSysClock)
    SetSysClock                              0x0800191d   Thumb Code     8  system_stm32f10x.o(i.SetSysClock)
    i.SetSysClockTo72                        0x08001924   Section        0  system_stm32f10x.o(i.SetSysClockTo72)
    SetSysClockTo72                          0x08001925   Thumb Code   214  system_stm32f10x.o(i.SetSysClockTo72)
    i.SysTick_Handler                        0x08001a04   Section        0  stm32f10x_it.o(i.SysTick_Handler)
    i.SystemInit                             0x08001a08   Section        0  system_stm32f10x.o(i.SystemInit)
    i.USART1_IRQHandler                      0x08001a68   Section        0  serial.o(i.USART1_IRQHandler)
    i.USART_ClearITPendingBit                0x08001b28   Section        0  stm32f10x_usart.o(i.USART_ClearITPendingBit)
    i.USART_Cmd                              0x08001b46   Section        0  stm32f10x_usart.o(i.USART_Cmd)
    i.USART_GetFlagStatus                    0x08001b5e   Section        0  stm32f10x_usart.o(i.USART_GetFlagStatus)
    i.USART_GetITStatus                      0x08001b78   Section        0  stm32f10x_usart.o(i.USART_GetITStatus)
    i.USART_ITConfig                         0x08001bcc   Section        0  stm32f10x_usart.o(i.USART_ITConfig)
    i.USART_Init                             0x08001c18   Section        0  stm32f10x_usart.o(i.USART_Init)
    i.USART_ReceiveData                      0x08001cf0   Section        0  stm32f10x_usart.o(i.USART_ReceiveData)
    i.USART_SendData                         0x08001cfa   Section        0  stm32f10x_usart.o(i.USART_SendData)
    i.UsageFault_Handler                     0x08001d02   Section        0  stm32f10x_it.o(i.UsageFault_Handler)
    i.Vedio_Play                             0x08001d08   Section        0  main.o(i.Vedio_Play)
    i.__0printf$4                            0x08001dcc   Section        0  printf4.o(i.__0printf$4)
    i.__scatterload_copy                     0x08001dec   Section       14  handlers.o(i.__scatterload_copy)
    i.__scatterload_null                     0x08001dfa   Section        2  handlers.o(i.__scatterload_null)
    i.__scatterload_zeroinit                 0x08001dfc   Section       14  handlers.o(i.__scatterload_zeroinit)
    i._printf_core                           0x08001e0c   Section        0  printf4.o(i._printf_core)
    _printf_core                             0x08001e0d   Thumb Code   552  printf4.o(i._printf_core)
    i.check_fs                               0x08002038   Section        0  ff.o(i.check_fs)
    check_fs                                 0x08002039   Thumb Code   210  ff.o(i.check_fs)
    i.clmt_clust                             0x08002118   Section        0  ff.o(i.clmt_clust)
    clmt_clust                               0x08002119   Thumb Code    50  ff.o(i.clmt_clust)
    i.clst2sect                              0x0800214a   Section        0  ff.o(i.clst2sect)
    clst2sect                                0x0800214b   Thumb Code    26  ff.o(i.clst2sect)
    i.create_chain                           0x08002164   Section        0  ff.o(i.create_chain)
    create_chain                             0x08002165   Thumb Code   292  ff.o(i.create_chain)
    i.create_name                            0x08002288   Section        0  ff.o(i.create_name)
    create_name                              0x08002289   Thumb Code   252  ff.o(i.create_name)
    i.dbc_1st                                0x08002394   Section        0  ff.o(i.dbc_1st)
    dbc_1st                                  0x08002395   Thumb Code    46  ff.o(i.dbc_1st)
    i.dbc_2nd                                0x080023c8   Section        0  ff.o(i.dbc_2nd)
    dbc_2nd                                  0x080023c9   Thumb Code    66  ff.o(i.dbc_2nd)
    i.dir_alloc                              0x08002410   Section        0  ff.o(i.dir_alloc)
    dir_alloc                                0x08002411   Thumb Code    96  ff.o(i.dir_alloc)
    i.dir_clear                              0x08002470   Section        0  ff.o(i.dir_clear)
    dir_clear                                0x08002471   Thumb Code    94  ff.o(i.dir_clear)
    i.dir_find                               0x080024ce   Section        0  ff.o(i.dir_find)
    dir_find                                 0x080024cf   Thumb Code   108  ff.o(i.dir_find)
    i.dir_next                               0x0800253a   Section        0  ff.o(i.dir_next)
    dir_next                                 0x0800253b   Thumb Code   202  ff.o(i.dir_next)
    i.dir_read                               0x08002604   Section        0  ff.o(i.dir_read)
    dir_read                                 0x08002605   Thumb Code   116  ff.o(i.dir_read)
    i.dir_register                           0x08002678   Section        0  ff.o(i.dir_register)
    dir_register                             0x08002679   Thumb Code    66  ff.o(i.dir_register)
    i.dir_sdi                                0x080026ba   Section        0  ff.o(i.dir_sdi)
    dir_sdi                                  0x080026bb   Thumb Code   154  ff.o(i.dir_sdi)
    i.disk_initialize                        0x08002754   Section        0  diskio.o(i.disk_initialize)
    i.disk_ioctl                             0x08002768   Section        0  diskio.o(i.disk_ioctl)
    i.disk_read                              0x080027b2   Section        0  diskio.o(i.disk_read)
    i.disk_status                            0x080027e6   Section        0  diskio.o(i.disk_status)
    i.disk_write                             0x080027f8   Section        0  diskio.o(i.disk_write)
    i.f_close                                0x0800282c   Section        0  ff.o(i.f_close)
    i.f_closedir                             0x0800284e   Section        0  ff.o(i.f_closedir)
    i.f_mount                                0x08002868   Section        0  ff.o(i.f_mount)
    i.f_open                                 0x080028c8   Section        0  ff.o(i.f_open)
    i.f_opendir                              0x08002aba   Section        0  ff.o(i.f_opendir)
    i.f_read                                 0x08002b26   Section        0  ff.o(i.f_read)
    i.f_readdir                              0x08002cd2   Section        0  ff.o(i.f_readdir)
    i.f_sync                                 0x08002d20   Section        0  ff.o(i.f_sync)
    i.find_volume                            0x08002dc0   Section        0  ff.o(i.find_volume)
    find_volume                              0x08002dc1   Thumb Code   120  ff.o(i.find_volume)
    i.follow_path                            0x08002e38   Section        0  ff.o(i.follow_path)
    follow_path                              0x08002e39   Thumb Code   158  ff.o(i.follow_path)
    i.fputc                                  0x08002ed6   Section        0  serial.o(i.fputc)
    i.get_fat                                0x08002ee6   Section        0  ff.o(i.get_fat)
    get_fat                                  0x08002ee7   Thumb Code   224  ff.o(i.get_fat)
    i.get_fattime                            0x08002fc8   Section        0  diskio.o(i.get_fattime)
    i.get_fileinfo                           0x08002fd0   Section        0  ff.o(i.get_fileinfo)
    get_fileinfo                             0x08002fd1   Thumb Code   146  ff.o(i.get_fileinfo)
    i.get_ldnumber                           0x08003062   Section        0  ff.o(i.get_ldnumber)
    get_ldnumber                             0x08003063   Thumb Code    82  ff.o(i.get_ldnumber)
    i.ld_clust                               0x080030b4   Section        0  ff.o(i.ld_clust)
    ld_clust                                 0x080030b5   Thumb Code    38  ff.o(i.ld_clust)
    i.ld_dword                               0x080030da   Section        0  ff.o(i.ld_dword)
    ld_dword                                 0x080030db   Thumb Code    24  ff.o(i.ld_dword)
    i.ld_word                                0x080030f2   Section        0  ff.o(i.ld_word)
    ld_word                                  0x080030f3   Thumb Code    12  ff.o(i.ld_word)
    i.main                                   0x08003100   Section        0  main.o(i.main)
    i.mount_volume                           0x0800324c   Section        0  ff.o(i.mount_volume)
    mount_volume                             0x0800324d   Thumb Code   652  ff.o(i.mount_volume)
    i.move_window                            0x080034f0   Section        0  ff.o(i.move_window)
    move_window                              0x080034f1   Thumb Code    52  ff.o(i.move_window)
    i.put_fat                                0x08003524   Section        0  ff.o(i.put_fat)
    put_fat                                  0x08003525   Thumb Code   312  ff.o(i.put_fat)
    i.remove_chain                           0x0800365c   Section        0  ff.o(i.remove_chain)
    remove_chain                             0x0800365d   Thumb Code   154  ff.o(i.remove_chain)
    i.st_clust                               0x080036f6   Section        0  ff.o(i.st_clust)
    st_clust                                 0x080036f7   Thumb Code    36  ff.o(i.st_clust)
    i.st_dword                               0x0800371a   Section        0  ff.o(i.st_dword)
    st_dword                                 0x0800371b   Thumb Code    24  ff.o(i.st_dword)
    i.st_word                                0x08003732   Section        0  ff.o(i.st_word)
    st_word                                  0x08003733   Thumb Code    12  ff.o(i.st_word)
    i.sync_fs                                0x08003740   Section        0  ff.o(i.sync_fs)
    sync_fs                                  0x08003741   Thumb Code   132  ff.o(i.sync_fs)
    i.sync_window                            0x080037d0   Section        0  ff.o(i.sync_window)
    sync_window                              0x080037d1   Thumb Code    74  ff.o(i.sync_window)
    i.validate                               0x0800381a   Section        0  ff.o(i.validate)
    validate                                 0x0800381b   Thumb Code    60  ff.o(i.validate)
    .constdata                               0x08003858   Section       56  ff.o(.constdata)
    DbcTbl                                   0x08003858   Data          10  ff.o(.constdata)
    cst                                      0x08003862   Data          14  ff.o(.constdata)
    cst32                                    0x08003870   Data          14  ff.o(.constdata)
    defopt                                   0x08003880   Data          16  ff.o(.constdata)
    .constdata                               0x08003890   Section       64  ctype_c.o(.constdata)
    .data                                    0x20000000   Section       20  stm32f10x_rcc.o(.data)
    APBAHBPrescTable                         0x20000000   Data          16  stm32f10x_rcc.o(.data)
    ADCPrescTable                            0x20000010   Data           4  stm32f10x_rcc.o(.data)
    .data                                    0x20000014   Section        6  ff.o(.data)
    FatFs                                    0x20000014   Data           4  ff.o(.data)
    Fsid                                     0x20000018   Data           2  ff.o(.data)
    .data                                    0x2000001a   Section        3  serial.o(.data)
    RxState                                  0x2000001b   Data           1  serial.o(.data)
    pRxPacket                                0x2000001c   Data           1  serial.o(.data)
    .data                                    0x2000001d   Section        1  mysd.o(.data)
    .data                                    0x2000001e   Section        1  mydma.o(.data)
    .data                                    0x20000020   Section       13  main.o(.data)
    .data                                    0x20000030   Section        4  stdout.o(.data)
    .bss                                     0x20000034   Section      100  serial.o(.bss)
    .bss                                     0x20000098   Section    14400  st7789.o(.bss)
    .bss                                     0x200038d8   Section     1116  main.o(.bss)
    STACK                                    0x20003d38   Section     1024  startup_stm32f10x_md.o(STACK)

    Global Symbols

    Symbol Name                              Value     Ov Type        Size  Object(Section)

    BuildAttributes$$THM_ISAv4$P$D$K$B$S$PE$A:L22UL41UL21$X:L11$S22US41US21$IEEE1$IW$USESV6$~STKCKD$USESV7$~SHL$OSPACE$ROPI$EBA8$MICROLIB$REQ8$PRES8$EABIv2 0x00000000   Number         0  anon$$obj.o ABSOLUTE
    __ARM_use_no_argv                        0x00000000   Number         0  main.o ABSOLUTE
    _printf_a                                0x00000000   Number         0  stubs.o ABSOLUTE
    _printf_c                                0x00000000   Number         0  stubs.o ABSOLUTE
    _printf_charcount                        0x00000000   Number         0  stubs.o ABSOLUTE
    _printf_d                                0x00000000   Number         0  stubs.o ABSOLUTE
    _printf_e                                0x00000000   Number         0  stubs.o ABSOLUTE
    _printf_f                                0x00000000   Number         0  stubs.o ABSOLUTE
    _printf_flags                            0x00000000   Number         0  stubs.o ABSOLUTE
    _printf_fp_dec                           0x00000000   Number         0  stubs.o ABSOLUTE
    _printf_fp_hex                           0x00000000   Number         0  stubs.o ABSOLUTE
    _printf_g                                0x00000000   Number         0  stubs.o ABSOLUTE
    _printf_i                                0x00000000   Number         0  stubs.o ABSOLUTE
    _printf_int_dec                          0x00000000   Number         0  stubs.o ABSOLUTE
    _printf_l                                0x00000000   Number         0  stubs.o ABSOLUTE
    _printf_lc                               0x00000000   Number         0  stubs.o ABSOLUTE
    _printf_ll                               0x00000000   Number         0  stubs.o ABSOLUTE
    _printf_lld                              0x00000000   Number         0  stubs.o ABSOLUTE
    _printf_lli                              0x00000000   Number         0  stubs.o ABSOLUTE
    _printf_llo                              0x00000000   Number         0  stubs.o ABSOLUTE
    _printf_llu                              0x00000000   Number         0  stubs.o ABSOLUTE
    _printf_llx                              0x00000000   Number         0  stubs.o ABSOLUTE
    _printf_longlong_dec                     0x00000000   Number         0  stubs.o ABSOLUTE
    _printf_longlong_hex                     0x00000000   Number         0  stubs.o ABSOLUTE
    _printf_longlong_oct                     0x00000000   Number         0  stubs.o ABSOLUTE
    _printf_ls                               0x00000000   Number         0  stubs.o ABSOLUTE
    _printf_mbtowc                           0x00000000   Number         0  stubs.o ABSOLUTE
    _printf_n                                0x00000000   Number         0  stubs.o ABSOLUTE
    _printf_o                                0x00000000   Number         0  stubs.o ABSOLUTE
    _printf_p                                0x00000000   Number         0  stubs.o ABSOLUTE
    _printf_percent                          0x00000000   Number         0  stubs.o ABSOLUTE
    _printf_pre_padding                      0x00000000   Number         0  stubs.o ABSOLUTE
    _printf_return_value                     0x00000000   Number         0  stubs.o ABSOLUTE
    _printf_s                                0x00000000   Number         0  stubs.o ABSOLUTE
    _printf_sizespec                         0x00000000   Number         0  stubs.o ABSOLUTE
    _printf_str                              0x00000000   Number         0  stubs.o ABSOLUTE
    _printf_truncate_signed                  0x00000000   Number         0  stubs.o ABSOLUTE
    _printf_truncate_unsigned                0x00000000   Number         0  stubs.o ABSOLUTE
    _printf_u                                0x00000000   Number         0  stubs.o ABSOLUTE
    _printf_wc                               0x00000000   Number         0  stubs.o ABSOLUTE
    _printf_wctomb                           0x00000000   Number         0  stubs.o ABSOLUTE
    _printf_widthprec                        0x00000000   Number         0  stubs.o ABSOLUTE
    _printf_x                                0x00000000   Number         0  stubs.o ABSOLUTE
    __cpp_initialize__aeabi_                  - Undefined Weak Reference
    __cxa_finalize                            - Undefined Weak Reference
    __decompress                              - Undefined Weak Reference
    _clock_init                               - Undefined Weak Reference
    _microlib_exit                            - Undefined Weak Reference
    _scanf_int                                - Undefined Weak Reference
    _scanf_longlong                           - Undefined Weak Reference
    _scanf_real                               - Undefined Weak Reference
    __Vectors_Size                           0x000000ec   Number         0  startup_stm32f10x_md.o ABSOLUTE
    __Vectors                                0x08000000   Data           4  startup_stm32f10x_md.o(RESET)
    __Vectors_End                            0x080000ec   Data           0  startup_stm32f10x_md.o(RESET)
    __main                                   0x080000ed   Thumb Code     0  entry.o(.ARM.Collect$$$$00000000)
    _main_stk                                0x080000ed   Thumb Code     0  entry2.o(.ARM.Collect$$$$00000001)
    _main_scatterload                        0x080000f1   Thumb Code     0  entry5.o(.ARM.Collect$$$$00000004)
    __main_after_scatterload                 0x080000f5   Thumb Code     0  entry5.o(.ARM.Collect$$$$00000004)
    _main_clock                              0x080000f5   Thumb Code     0  entry7b.o(.ARM.Collect$$$$00000008)
    _main_cpp_init                           0x080000f5   Thumb Code     0  entry8b.o(.ARM.Collect$$$$0000000A)
    _main_init                               0x080000f5   Thumb Code     0  entry9a.o(.ARM.Collect$$$$0000000B)
    __rt_final_cpp                           0x080000fd   Thumb Code     0  entry10a.o(.ARM.Collect$$$$0000000D)
    __rt_final_exit                          0x080000fd   Thumb Code     0  entry11a.o(.ARM.Collect$$$$0000000F)
    Reset_Handler                            0x08000101   Thumb Code     8  startup_stm32f10x_md.o(.text)
    ADC1_2_IRQHandler                        0x0800011b   Thumb Code     0  startup_stm32f10x_md.o(.text)
    CAN1_RX1_IRQHandler                      0x0800011b   Thumb Code     0  startup_stm32f10x_md.o(.text)
    CAN1_SCE_IRQHandler                      0x0800011b   Thumb Code     0  startup_stm32f10x_md.o(.text)
    DMA1_Channel1_IRQHandler                 0x0800011b   Thumb Code     0  startup_stm32f10x_md.o(.text)
    DMA1_Channel2_IRQHandler                 0x0800011b   Thumb Code     0  startup_stm32f10x_md.o(.text)
    DMA1_Channel3_IRQHandler                 0x0800011b   Thumb Code     0  startup_stm32f10x_md.o(.text)
    DMA1_Channel4_IRQHandler                 0x0800011b   Thumb Code     0  startup_stm32f10x_md.o(.text)
    DMA1_Channel5_IRQHandler                 0x0800011b   Thumb Code     0  startup_stm32f10x_md.o(.text)
    DMA1_Channel6_IRQHandler                 0x0800011b   Thumb Code     0  startup_stm32f10x_md.o(.text)
    DMA1_Channel7_IRQHandler                 0x0800011b   Thumb Code     0  startup_stm32f10x_md.o(.text)
    EXTI0_IRQHandler                         0x0800011b   Thumb Code     0  startup_stm32f10x_md.o(.text)
    EXTI15_10_IRQHandler                     0x0800011b   Thumb Code     0  startup_stm32f10x_md.o(.text)
    EXTI1_IRQHandler                         0x0800011b   Thumb Code     0  startup_stm32f10x_md.o(.text)
    EXTI2_IRQHandler                         0x0800011b   Thumb Code     0  startup_stm32f10x_md.o(.text)
    EXTI3_IRQHandler                         0x0800011b   Thumb Code     0  startup_stm32f10x_md.o(.text)
    EXTI4_IRQHandler                         0x0800011b   Thumb Code     0  startup_stm32f10x_md.o(.text)
    EXTI9_5_IRQHandler                       0x0800011b   Thumb Code     0  startup_stm32f10x_md.o(.text)
    FLASH_IRQHandler                         0x0800011b   Thumb Code     0  startup_stm32f10x_md.o(.text)
    I2C1_ER_IRQHandler                       0x0800011b   Thumb Code     0  startup_stm32f10x_md.o(.text)
    I2C1_EV_IRQHandler                       0x0800011b   Thumb Code     0  startup_stm32f10x_md.o(.text)
    I2C2_ER_IRQHandler                       0x0800011b   Thumb Code     0  startup_stm32f10x_md.o(.text)
    I2C2_EV_IRQHandler                       0x0800011b   Thumb Code     0  startup_stm32f10x_md.o(.text)
    PVD_IRQHandler                           0x0800011b   Thumb Code     0  startup_stm32f10x_md.o(.text)
    RCC_IRQHandler                           0x0800011b   Thumb Code     0  startup_stm32f10x_md.o(.text)
    RTCAlarm_IRQHandler                      0x0800011b   Thumb Code     0  startup_stm32f10x_md.o(.text)
    RTC_IRQHandler                           0x0800011b   Thumb Code     0  startup_stm32f10x_md.o(.text)
    SPI1_IRQHandler                          0x0800011b   Thumb Code     0  startup_stm32f10x_md.o(.text)
    SPI2_IRQHandler                          0x0800011b   Thumb Code     0  startup_stm32f10x_md.o(.text)
    TAMPER_IRQHandler                        0x0800011b   Thumb Code     0  startup_stm32f10x_md.o(.text)
    TIM1_BRK_IRQHandler                      0x0800011b   Thumb Code     0  startup_stm32f10x_md.o(.text)
    TIM1_CC_IRQHandler                       0x0800011b   Thumb Code     0  startup_stm32f10x_md.o(.text)
    TIM1_TRG_COM_IRQHandler                  0x0800011b   Thumb Code     0  startup_stm32f10x_md.o(.text)
    TIM1_UP_IRQHandler                       0x0800011b   Thumb Code     0  startup_stm32f10x_md.o(.text)
    TIM2_IRQHandler                          0x0800011b   Thumb Code     0  startup_stm32f10x_md.o(.text)
    TIM3_IRQHandler                          0x0800011b   Thumb Code     0  startup_stm32f10x_md.o(.text)
    TIM4_IRQHandler                          0x0800011b   Thumb Code     0  startup_stm32f10x_md.o(.text)
    USART2_IRQHandler                        0x0800011b   Thumb Code     0  startup_stm32f10x_md.o(.text)
    USART3_IRQHandler                        0x0800011b   Thumb Code     0  startup_stm32f10x_md.o(.text)
    USBWakeUp_IRQHandler                     0x0800011b   Thumb Code     0  startup_stm32f10x_md.o(.text)
    USB_HP_CAN1_TX_IRQHandler                0x0800011b   Thumb Code     0  startup_stm32f10x_md.o(.text)
    USB_LP_CAN1_RX0_IRQHandler               0x0800011b   Thumb Code     0  startup_stm32f10x_md.o(.text)
    WWDG_IRQHandler                          0x0800011b   Thumb Code     0  startup_stm32f10x_md.o(.text)
    __aeabi_memcpy                           0x08000125   Thumb Code    36  memcpya.o(.text)
    __aeabi_memcpy4                          0x08000125   Thumb Code     0  memcpya.o(.text)
    __aeabi_memcpy8                          0x08000125   Thumb Code     0  memcpya.o(.text)
    __aeabi_memset                           0x08000149   Thumb Code    14  memseta.o(.text)
    __aeabi_memset4                          0x08000149   Thumb Code     0  memseta.o(.text)
    __aeabi_memset8                          0x08000149   Thumb Code     0  memseta.o(.text)
    __aeabi_memclr                           0x08000157   Thumb Code     4  memseta.o(.text)
    __aeabi_memclr4                          0x08000157   Thumb Code     0  memseta.o(.text)
    __aeabi_memclr8                          0x08000157   Thumb Code     0  memseta.o(.text)
    _memset$wrapper                          0x0800015b   Thumb Code    18  memseta.o(.text)
    strchr                                   0x0800016d   Thumb Code    20  strchr.o(.text)
    strcmp                                   0x08000181   Thumb Code    28  strcmp.o(.text)
    memcmp                                   0x0800019d   Thumb Code    26  memcmp.o(.text)
    __0sscanf                                0x080001b9   Thumb Code    48  __0sscanf.o(.text)
    _scanf_string                            0x080001f1   Thumb Code   224  _scanf_str.o(.text)
    __aeabi_uldivmod                         0x080002d1   Thumb Code    98  uldiv.o(.text)
    __vfscanf_char                           0x08000341   Thumb Code    20  scanf_char.o(.text)
    _sgetc                                   0x0800035d   Thumb Code    30  _sgetc.o(.text)
    _sbackspace                              0x0800037b   Thumb Code    34  _sgetc.o(.text)
    __scatterload                            0x0800039d   Thumb Code    28  init.o(.text)
    __scatterload_rt2                        0x0800039d   Thumb Code     0  init.o(.text)
    __aeabi_llsl                             0x080003c1   Thumb Code    30  llshl.o(.text)
    _ll_shift_l                              0x080003c1   Thumb Code     0  llshl.o(.text)
    __aeabi_llsr                             0x080003df   Thumb Code    32  llushr.o(.text)
    _ll_ushift_r                             0x080003df   Thumb Code     0  llushr.o(.text)
    isspace                                  0x080003ff   Thumb Code    10  isspace_c.o(.text)
    __vfscanf                                0x08000409   Thumb Code   808  _scanf.o(.text)
    __ctype_lookup                           0x08000735   Thumb Code    34  ctype_c.o(.text)
    BusFault_Handler                         0x0800075d   Thumb Code     4  stm32f10x_it.o(i.BusFault_Handler)
    DMA_ClearFlag                            0x08000761   Thumb Code    18  stm32f10x_dma.o(i.DMA_ClearFlag)
    DMA_Cmd                                  0x0800077d   Thumb Code    24  stm32f10x_dma.o(i.DMA_Cmd)
    DMA_DeInit                               0x08000795   Thumb Code   324  stm32f10x_dma.o(i.DMA_DeInit)
    DMA_GetFlagStatus                        0x080008e1   Thumb Code    36  stm32f10x_dma.o(i.DMA_GetFlagStatus)
    DMA_Init                                 0x0800090d   Thumb Code    60  stm32f10x_dma.o(i.DMA_Init)
    DMA_SetCurrDataCounter                   0x08000949   Thumb Code     4  stm32f10x_dma.o(i.DMA_SetCurrDataCounter)
    DebugMon_Handler                         0x0800094d   Thumb Code     2  stm32f10x_it.o(i.DebugMon_Handler)
    Delay_ms                                 0x0800094f   Thumb Code    24  delay.o(i.Delay_ms)
    Delay_us                                 0x08000967   Thumb Code    46  delay.o(i.Delay_us)
    GPIO_Init                                0x08000995   Thumb Code   278  stm32f10x_gpio.o(i.GPIO_Init)
    HardFault_Handler                        0x08000aab   Thumb Code     4  stm32f10x_it.o(i.HardFault_Handler)
    LCD_Fill_DMA                             0x08000ab1   Thumb Code    50  st7789.o(i.LCD_Fill_DMA)
    ListFile                                 0x08000aed   Thumb Code   114  main.o(i.ListFile)
    MemManage_Handler                        0x08000bc1   Thumb Code     4  stm32f10x_it.o(i.MemManage_Handler)
    MySPI1_Init                              0x08000bc5   Thumb Code   170  myspi.o(i.MySPI1_Init)
    MySPI2_Init                              0x08000c79   Thumb Code   156  myspi.o(i.MySPI2_Init)
    My_DMA_Init1                             0x08000d21   Thumb Code   132  mydma.o(i.My_DMA_Init1)
    My_DMA_Init2                             0x08000db1   Thumb Code    78  mydma.o(i.My_DMA_Init2)
    My_DMA_Transfer2                         0x08000e09   Thumb Code    60  mydma.o(i.My_DMA_Transfer2)
    My_DMA_TransferAndReceive1               0x08000e49   Thumb Code   106  mydma.o(i.My_DMA_TransferAndReceive1)
    NMI_Handler                              0x08000eb9   Thumb Code     2  stm32f10x_it.o(i.NMI_Handler)
    NVIC_Init                                0x08000ebd   Thumb Code   100  misc.o(i.NVIC_Init)
    NVIC_PriorityGroupConfig                 0x08000f2d   Thumb Code    10  misc.o(i.NVIC_PriorityGroupConfig)
    PendSV_Handler                           0x08000f41   Thumb Code     2  stm32f10x_it.o(i.PendSV_Handler)
    RCC_AHBPeriphClockCmd                    0x08000f45   Thumb Code    26  stm32f10x_rcc.o(i.RCC_AHBPeriphClockCmd)
    RCC_APB1PeriphClockCmd                   0x08000f65   Thumb Code    26  stm32f10x_rcc.o(i.RCC_APB1PeriphClockCmd)
    RCC_APB2PeriphClockCmd                   0x08000f85   Thumb Code    26  stm32f10x_rcc.o(i.RCC_APB2PeriphClockCmd)
    RCC_GetClocksFreq                        0x08000fa5   Thumb Code   192  stm32f10x_rcc.o(i.RCC_GetClocksFreq)
    SD_Get_SectorNum                         0x08001079   Thumb Code   118  mysd.o(i.SD_Get_SectorNum)
    SD_Get_SectorSize                        0x080010ef   Thumb Code     6  mysd.o(i.SD_Get_SectorSize)
    SD_Get_csd                               0x080010f5   Thumb Code    44  mysd.o(i.SD_Get_csd)
    SD_Init                                  0x08001125   Thumb Code   414  mysd.o(i.SD_Init)
    SD_Read_Data                             0x080012d1   Thumb Code    52  mysd.o(i.SD_Read_Data)
    SD_Read_Sector                           0x0800130d   Thumb Code   114  mysd.o(i.SD_Read_Sector)
    SD_Read_Write_Byte                       0x08001389   Thumb Code    20  mysd.o(i.SD_Read_Write_Byte)
    SD_SendCmd                               0x0800139d   Thumb Code   120  mysd.o(i.SD_SendCmd)
    SD_Send_Block_Data                       0x08001419   Thumb Code    90  mysd.o(i.SD_Send_Block_Data)
    SD_Sync_Data                             0x08001475   Thumb Code    38  mysd.o(i.SD_Sync_Data)
    SD_Write_Sector                          0x080014a1   Thumb Code   142  mysd.o(i.SD_Write_Sector)
    SPI_Cmd                                  0x08001539   Thumb Code    24  stm32f10x_spi.o(i.SPI_Cmd)
    SPI_I2S_DMACmd                           0x08001551   Thumb Code    18  stm32f10x_spi.o(i.SPI_I2S_DMACmd)
    SPI_I2S_GetFlagStatus                    0x08001563   Thumb Code    18  stm32f10x_spi.o(i.SPI_I2S_GetFlagStatus)
    SPI_I2S_SendData                         0x08001575   Thumb Code     4  stm32f10x_spi.o(i.SPI_I2S_SendData)
    SPI_Init                                 0x08001579   Thumb Code    60  stm32f10x_spi.o(i.SPI_Init)
    ST7789_Address_Set                       0x080015b5   Thumb Code    58  st7789.o(i.ST7789_Address_Set)
    ST7789_Init                              0x080015f1   Thumb Code   416  st7789.o(i.ST7789_Init)
    ST7789_Write_Bus                         0x08001799   Thumb Code    28  st7789.o(i.ST7789_Write_Bus)
    ST7789_Write_Cmd8                        0x080017b9   Thumb Code    20  st7789.o(i.ST7789_Write_Cmd8)
    ST7789_Write_Data16                      0x080017d1   Thumb Code    58  st7789.o(i.ST7789_Write_Data16)
    ST7789_Write_Data8                       0x08001815   Thumb Code    36  st7789.o(i.ST7789_Write_Data8)
    SVC_Handler                              0x08001841   Thumb Code     2  stm32f10x_it.o(i.SVC_Handler)
    Serial_Init                              0x08001845   Thumb Code   174  serial.o(i.Serial_Init)
    Serial_SendByte                          0x080018fd   Thumb Code    28  serial.o(i.Serial_SendByte)
    SysTick_Handler                          0x08001a05   Thumb Code     2  stm32f10x_it.o(i.SysTick_Handler)
    SystemInit                               0x08001a09   Thumb Code    78  system_stm32f10x.o(i.SystemInit)
    USART1_IRQHandler                        0x08001a69   Thumb Code   164  serial.o(i.USART1_IRQHandler)
    USART_ClearITPendingBit                  0x08001b29   Thumb Code    30  stm32f10x_usart.o(i.USART_ClearITPendingBit)
    USART_Cmd                                0x08001b47   Thumb Code    24  stm32f10x_usart.o(i.USART_Cmd)
    USART_GetFlagStatus                      0x08001b5f   Thumb Code    26  stm32f10x_usart.o(i.USART_GetFlagStatus)
    USART_GetITStatus                        0x08001b79   Thumb Code    84  stm32f10x_usart.o(i.USART_GetITStatus)
    USART_ITConfig                           0x08001bcd   Thumb Code    74  stm32f10x_usart.o(i.USART_ITConfig)
    USART_Init                               0x08001c19   Thumb Code   210  stm32f10x_usart.o(i.USART_Init)
    USART_ReceiveData                        0x08001cf1   Thumb Code    10  stm32f10x_usart.o(i.USART_ReceiveData)
    USART_SendData                           0x08001cfb   Thumb Code     8  stm32f10x_usart.o(i.USART_SendData)
    UsageFault_Handler                       0x08001d03   Thumb Code     4  stm32f10x_it.o(i.UsageFault_Handler)
    Vedio_Play                               0x08001d09   Thumb Code   140  main.o(i.Vedio_Play)
    __0printf$4                              0x08001dcd   Thumb Code    22  printf4.o(i.__0printf$4)
    __1printf$4                              0x08001dcd   Thumb Code     0  printf4.o(i.__0printf$4)
    __2printf                                0x08001dcd   Thumb Code     0  printf4.o(i.__0printf$4)
    __scatterload_copy                       0x08001ded   Thumb Code    14  handlers.o(i.__scatterload_copy)
    __scatterload_null                       0x08001dfb   Thumb Code     2  handlers.o(i.__scatterload_null)
    __scatterload_zeroinit                   0x08001dfd   Thumb Code    14  handlers.o(i.__scatterload_zeroinit)
    disk_initialize                          0x08002755   Thumb Code    20  diskio.o(i.disk_initialize)
    disk_ioctl                               0x08002769   Thumb Code    74  diskio.o(i.disk_ioctl)
    disk_read                                0x080027b3   Thumb Code    52  diskio.o(i.disk_read)
    disk_status                              0x080027e7   Thumb Code    18  diskio.o(i.disk_status)
    disk_write                               0x080027f9   Thumb Code    52  diskio.o(i.disk_write)
    f_close                                  0x0800282d   Thumb Code    34  ff.o(i.f_close)
    f_closedir                               0x0800284f   Thumb Code    24  ff.o(i.f_closedir)
    f_mount                                  0x08002869   Thumb Code    90  ff.o(i.f_mount)
    f_open                                   0x080028c9   Thumb Code   498  ff.o(i.f_open)
    f_opendir                                0x08002abb   Thumb Code   108  ff.o(i.f_opendir)
    f_read                                   0x08002b27   Thumb Code   428  ff.o(i.f_read)
    f_readdir                                0x08002cd3   Thumb Code    78  ff.o(i.f_readdir)
    f_sync                                   0x08002d21   Thumb Code   160  ff.o(i.f_sync)
    fputc                                    0x08002ed7   Thumb Code    16  serial.o(i.fputc)
    get_fattime                              0x08002fc9   Thumb Code     4  diskio.o(i.get_fattime)
    main                                     0x08003101   Thumb Code   182  main.o(i.main)
    __ctype_categories                       0x08003890   Data          64  ctype_c.o(.constdata)
    Region$$Table$$Base                      0x080038d0   Number         0  anon$$obj.o(Region$$Table)
    Region$$Table$$Limit                     0x080038f0   Number         0  anon$$obj.o(Region$$Table)
    Serial_RxFlag                            0x2000001a   Data           1  serial.o(.data)
    SD_Type                                  0x2000001d   Data           1  mysd.o(.data)
    dummy                                    0x2000001e   Data           1  mydma.o(.data)
    res                                      0x20000020   Data           1  main.o(.data)
    res1                                     0x20000021   Data           1  main.o(.data)
    bw                                       0x20000024   Data           4  main.o(.data)
    br                                       0x20000028   Data           4  main.o(.data)
    file_state                               0x2000002c   Data           1  main.o(.data)
    __stdout                                 0x20000030   Data           4  stdout.o(.data)
    Serial_RxPacket                          0x20000034   Data         100  serial.o(.bss)
    ST7789_Buf                               0x20000098   Data       14400  st7789.o(.bss)
    fs                                       0x200038d8   Data         560  main.o(.bss)
    file                                     0x20003b08   Data         556  main.o(.bss)
    __initial_sp                             0x20004138   Data           0  startup_stm32f10x_md.o(STACK)



==============================================================================

Memory Map of the image

  Image Entry point : 0x080000ed

  Load Region LR_IROM1 (Base: 0x08000000, Size: 0x00003924, Max: 0x00010000, ABSOLUTE)

    Execution Region ER_IROM1 (Base: 0x08000000, Size: 0x000038f0, Max: 0x00010000, ABSOLUTE)

    Base Addr    Size         Type   Attr      Idx    E Section Name        Object

    0x08000000   0x000000ec   Data   RO            3    RESET               startup_stm32f10x_md.o
    0x080000ec   0x00000000   Code   RO         3974  * .ARM.Collect$$$$00000000  mc_w.l(entry.o)
    0x080000ec   0x00000004   Code   RO         4254    .ARM.Collect$$$$00000001  mc_w.l(entry2.o)
    0x080000f0   0x00000004   Code   RO         4257    .ARM.Collect$$$$00000004  mc_w.l(entry5.o)
    0x080000f4   0x00000000   Code   RO         4259    .ARM.Collect$$$$00000008  mc_w.l(entry7b.o)
    0x080000f4   0x00000000   Code   RO         4261    .ARM.Collect$$$$0000000A  mc_w.l(entry8b.o)
    0x080000f4   0x00000008   Code   RO         4262    .ARM.Collect$$$$0000000B  mc_w.l(entry9a.o)
    0x080000fc   0x00000000   Code   RO         4264    .ARM.Collect$$$$0000000D  mc_w.l(entry10a.o)
    0x080000fc   0x00000000   Code   RO         4266    .ARM.Collect$$$$0000000F  mc_w.l(entry11a.o)
    0x080000fc   0x00000004   Code   RO         4255    .ARM.Collect$$$$00002712  mc_w.l(entry2.o)
    0x08000100   0x00000024   Code   RO            4    .text               startup_stm32f10x_md.o
    0x08000124   0x00000024   Code   RO         3977    .text               mc_w.l(memcpya.o)
    0x08000148   0x00000024   Code   RO         3979    .text               mc_w.l(memseta.o)
    0x0800016c   0x00000014   Code   RO         3981    .text               mc_w.l(strchr.o)
    0x08000180   0x0000001c   Code   RO         3983    .text               mc_w.l(strcmp.o)
    0x0800019c   0x0000001a   Code   RO         3985    .text               mc_w.l(memcmp.o)
    0x080001b6   0x00000002   PAD
    0x080001b8   0x00000038   Code   RO         4250    .text               mc_w.l(__0sscanf.o)
    0x080001f0   0x000000e0   Code   RO         4252    .text               mc_w.l(_scanf_str.o)
    0x080002d0   0x00000062   Code   RO         4271    .text               mc_w.l(uldiv.o)
    0x08000332   0x00000002   PAD
    0x08000334   0x00000028   Code   RO         4273    .text               mc_w.l(scanf_char.o)
    0x0800035c   0x00000040   Code   RO         4275    .text               mc_w.l(_sgetc.o)
    0x0800039c   0x00000024   Code   RO         4288    .text               mc_w.l(init.o)
    0x080003c0   0x0000001e   Code   RO         4290    .text               mc_w.l(llshl.o)
    0x080003de   0x00000020   Code   RO         4292    .text               mc_w.l(llushr.o)
    0x080003fe   0x0000000a   Code   RO         4296    .text               mc_w.l(isspace_c.o)
    0x08000408   0x0000032c   Code   RO         4298    .text               mc_w.l(_scanf.o)
    0x08000734   0x00000028   Code   RO         4302    .text               mc_w.l(ctype_c.o)
    0x0800075c   0x00000004   Code   RO         3911    i.BusFault_Handler  stm32f10x_it.o
    0x08000760   0x0000001c   Code   RO          909    i.DMA_ClearFlag     stm32f10x_dma.o
    0x0800077c   0x00000018   Code   RO          911    i.DMA_Cmd           stm32f10x_dma.o
    0x08000794   0x0000014c   Code   RO          912    i.DMA_DeInit        stm32f10x_dma.o
    0x080008e0   0x0000002c   Code   RO          914    i.DMA_GetFlagStatus  stm32f10x_dma.o
    0x0800090c   0x0000003c   Code   RO          917    i.DMA_Init          stm32f10x_dma.o
    0x08000948   0x00000004   Code   RO          918    i.DMA_SetCurrDataCounter  stm32f10x_dma.o
    0x0800094c   0x00000002   Code   RO         3912    i.DebugMon_Handler  stm32f10x_it.o
    0x0800094e   0x00000018   Code   RO         3196    i.Delay_ms          delay.o
    0x08000966   0x0000002e   Code   RO         3198    i.Delay_us          delay.o
    0x08000994   0x00000116   Code   RO         1347    i.GPIO_Init         stm32f10x_gpio.o
    0x08000aaa   0x00000004   Code   RO         3913    i.HardFault_Handler  stm32f10x_it.o
    0x08000aae   0x00000002   PAD
    0x08000ab0   0x0000003c   Code   RO         3800    i.LCD_Fill_DMA      st7789.o
    0x08000aec   0x000000d4   Code   RO         3872    i.ListFile          main.o
    0x08000bc0   0x00000004   Code   RO         3914    i.MemManage_Handler  stm32f10x_it.o
    0x08000bc4   0x000000b4   Code   RO         3551    i.MySPI1_Init       myspi.o
    0x08000c78   0x000000a8   Code   RO         3553    i.MySPI2_Init       myspi.o
    0x08000d20   0x00000090   Code   RO         3764    i.My_DMA_Init1      mydma.o
    0x08000db0   0x00000058   Code   RO         3765    i.My_DMA_Init2      mydma.o
    0x08000e08   0x00000040   Code   RO         3766    i.My_DMA_Transfer2  mydma.o
    0x08000e48   0x00000070   Code   RO         3767    i.My_DMA_TransferAndReceive1  mydma.o
    0x08000eb8   0x00000002   Code   RO         3915    i.NMI_Handler       stm32f10x_it.o
    0x08000eba   0x00000002   PAD
    0x08000ebc   0x00000070   Code   RO          137    i.NVIC_Init         misc.o
    0x08000f2c   0x00000014   Code   RO          138    i.NVIC_PriorityGroupConfig  misc.o
    0x08000f40   0x00000002   Code   RO         3916    i.PendSV_Handler    stm32f10x_it.o
    0x08000f42   0x00000002   PAD
    0x08000f44   0x00000020   Code   RO         1774    i.RCC_AHBPeriphClockCmd  stm32f10x_rcc.o
    0x08000f64   0x00000020   Code   RO         1775    i.RCC_APB1PeriphClockCmd  stm32f10x_rcc.o
    0x08000f84   0x00000020   Code   RO         1777    i.RCC_APB2PeriphClockCmd  stm32f10x_rcc.o
    0x08000fa4   0x000000d4   Code   RO         1785    i.RCC_GetClocksFreq  stm32f10x_rcc.o
    0x08001078   0x00000076   Code   RO         3660    i.SD_Get_SectorNum  mysd.o
    0x080010ee   0x00000006   Code   RO         3661    i.SD_Get_SectorSize  mysd.o
    0x080010f4   0x00000030   Code   RO         3663    i.SD_Get_csd        mysd.o
    0x08001124   0x000001ac   Code   RO         3664    i.SD_Init           mysd.o
    0x080012d0   0x0000003c   Code   RO         3665    i.SD_Read_Data      mysd.o
    0x0800130c   0x0000007c   Code   RO         3666    i.SD_Read_Sector    mysd.o
    0x08001388   0x00000014   Code   RO         3667    i.SD_Read_Write_Byte  mysd.o
    0x0800139c   0x0000007c   Code   RO         3668    i.SD_SendCmd        mysd.o
    0x08001418   0x0000005a   Code   RO         3669    i.SD_Send_Block_Data  mysd.o
    0x08001472   0x00000002   PAD
    0x08001474   0x0000002c   Code   RO         3670    i.SD_Sync_Data      mysd.o
    0x080014a0   0x00000098   Code   RO         3671    i.SD_Write_Sector   mysd.o
    0x08001538   0x00000018   Code   RO         2263    i.SPI_Cmd           stm32f10x_spi.o
    0x08001550   0x00000012   Code   RO         2269    i.SPI_I2S_DMACmd    stm32f10x_spi.o
    0x08001562   0x00000012   Code   RO         2271    i.SPI_I2S_GetFlagStatus  stm32f10x_spi.o
    0x08001574   0x00000004   Code   RO         2275    i.SPI_I2S_SendData  stm32f10x_spi.o
    0x08001578   0x0000003c   Code   RO         2276    i.SPI_Init          stm32f10x_spi.o
    0x080015b4   0x0000003a   Code   RO         3801    i.ST7789_Address_Set  st7789.o
    0x080015ee   0x00000002   PAD
    0x080015f0   0x000001a8   Code   RO         3802    i.ST7789_Init       st7789.o
    0x08001798   0x00000020   Code   RO         3803    i.ST7789_Write_Bus  st7789.o
    0x080017b8   0x00000018   Code   RO         3804    i.ST7789_Write_Cmd8  st7789.o
    0x080017d0   0x00000044   Code   RO         3806    i.ST7789_Write_Data16  st7789.o
    0x08001814   0x0000002c   Code   RO         3807    i.ST7789_Write_Data8  st7789.o
    0x08001840   0x00000002   Code   RO         3917    i.SVC_Handler       stm32f10x_it.o
    0x08001842   0x00000002   PAD
    0x08001844   0x000000b8   Code   RO         3576    i.Serial_Init       serial.o
    0x080018fc   0x00000020   Code   RO         3580    i.Serial_SendByte   serial.o
    0x0800191c   0x00000008   Code   RO           24    i.SetSysClock       system_stm32f10x.o
    0x08001924   0x000000e0   Code   RO           25    i.SetSysClockTo72   system_stm32f10x.o
    0x08001a04   0x00000002   Code   RO         3918    i.SysTick_Handler   stm32f10x_it.o
    0x08001a06   0x00000002   PAD
    0x08001a08   0x00000060   Code   RO           27    i.SystemInit        system_stm32f10x.o
    0x08001a68   0x000000c0   Code   RO         3583    i.USART1_IRQHandler  serial.o
    0x08001b28   0x0000001e   Code   RO         2957    i.USART_ClearITPendingBit  stm32f10x_usart.o
    0x08001b46   0x00000018   Code   RO         2960    i.USART_Cmd         stm32f10x_usart.o
    0x08001b5e   0x0000001a   Code   RO         2963    i.USART_GetFlagStatus  stm32f10x_usart.o
    0x08001b78   0x00000054   Code   RO         2964    i.USART_GetITStatus  stm32f10x_usart.o
    0x08001bcc   0x0000004a   Code   RO         2966    i.USART_ITConfig    stm32f10x_usart.o
    0x08001c16   0x00000002   PAD
    0x08001c18   0x000000d8   Code   RO         2967    i.USART_Init        stm32f10x_usart.o
    0x08001cf0   0x0000000a   Code   RO         2974    i.USART_ReceiveData  stm32f10x_usart.o
    0x08001cfa   0x00000008   Code   RO         2977    i.USART_SendData    stm32f10x_usart.o
    0x08001d02   0x00000004   Code   RO         3919    i.UsageFault_Handler  stm32f10x_it.o
    0x08001d06   0x00000002   PAD
    0x08001d08   0x000000c4   Code   RO         3873    i.Vedio_Play        main.o
    0x08001dcc   0x00000020   Code   RO         4100    i.__0printf$4       mc_w.l(printf4.o)
    0x08001dec   0x0000000e   Code   RO         4307    i.__scatterload_copy  mc_w.l(handlers.o)
    0x08001dfa   0x00000002   Code   RO         4308    i.__scatterload_null  mc_w.l(handlers.o)
    0x08001dfc   0x0000000e   Code   RO         4309    i.__scatterload_zeroinit  mc_w.l(handlers.o)
    0x08001e0a   0x00000002   PAD
    0x08001e0c   0x0000022c   Code   RO         4107    i._printf_core      mc_w.l(printf4.o)
    0x08002038   0x000000e0   Code   RO         3275    i.check_fs          ff.o
    0x08002118   0x00000032   Code   RO         3276    i.clmt_clust        ff.o
    0x0800214a   0x0000001a   Code   RO         3277    i.clst2sect         ff.o
    0x08002164   0x00000124   Code   RO         3278    i.create_chain      ff.o
    0x08002288   0x0000010c   Code   RO         3279    i.create_name       ff.o
    0x08002394   0x00000034   Code   RO         3281    i.dbc_1st           ff.o
    0x080023c8   0x00000048   Code   RO         3282    i.dbc_2nd           ff.o
    0x08002410   0x00000060   Code   RO         3283    i.dir_alloc         ff.o
    0x08002470   0x0000005e   Code   RO         3284    i.dir_clear         ff.o
    0x080024ce   0x0000006c   Code   RO         3285    i.dir_find          ff.o
    0x0800253a   0x000000ca   Code   RO         3286    i.dir_next          ff.o
    0x08002604   0x00000074   Code   RO         3287    i.dir_read          ff.o
    0x08002678   0x00000042   Code   RO         3288    i.dir_register      ff.o
    0x080026ba   0x0000009a   Code   RO         3289    i.dir_sdi           ff.o
    0x08002754   0x00000014   Code   RO         3220    i.disk_initialize   diskio.o
    0x08002768   0x0000004a   Code   RO         3221    i.disk_ioctl        diskio.o
    0x080027b2   0x00000034   Code   RO         3222    i.disk_read         diskio.o
    0x080027e6   0x00000012   Code   RO         3223    i.disk_status       diskio.o
    0x080027f8   0x00000034   Code   RO         3224    i.disk_write        diskio.o
    0x0800282c   0x00000022   Code   RO         3290    i.f_close           ff.o
    0x0800284e   0x00000018   Code   RO         3291    i.f_closedir        ff.o
    0x08002866   0x00000002   PAD
    0x08002868   0x00000060   Code   RO         3294    i.f_mount           ff.o
    0x080028c8   0x000001f2   Code   RO         3295    i.f_open            ff.o
    0x08002aba   0x0000006c   Code   RO         3296    i.f_opendir         ff.o
    0x08002b26   0x000001ac   Code   RO         3297    i.f_read            ff.o
    0x08002cd2   0x0000004e   Code   RO         3298    i.f_readdir         ff.o
    0x08002d20   0x000000a0   Code   RO         3299    i.f_sync            ff.o
    0x08002dc0   0x00000078   Code   RO         3301    i.find_volume       ff.o
    0x08002e38   0x0000009e   Code   RO         3302    i.follow_path       ff.o
    0x08002ed6   0x00000010   Code   RO         3584    i.fputc             serial.o
    0x08002ee6   0x000000e0   Code   RO         3303    i.get_fat           ff.o
    0x08002fc6   0x00000002   PAD
    0x08002fc8   0x00000008   Code   RO         3225    i.get_fattime       diskio.o
    0x08002fd0   0x00000092   Code   RO         3304    i.get_fileinfo      ff.o
    0x08003062   0x00000052   Code   RO         3305    i.get_ldnumber      ff.o
    0x080030b4   0x00000026   Code   RO         3306    i.ld_clust          ff.o
    0x080030da   0x00000018   Code   RO         3307    i.ld_dword          ff.o
    0x080030f2   0x0000000c   Code   RO         3308    i.ld_word           ff.o
    0x080030fe   0x00000002   PAD
    0x08003100   0x0000014c   Code   RO         3874    i.main              main.o
    0x0800324c   0x000002a4   Code   RO         3309    i.mount_volume      ff.o
    0x080034f0   0x00000034   Code   RO         3310    i.move_window       ff.o
    0x08003524   0x00000138   Code   RO         3311    i.put_fat           ff.o
    0x0800365c   0x0000009a   Code   RO         3312    i.remove_chain      ff.o
    0x080036f6   0x00000024   Code   RO         3313    i.st_clust          ff.o
    0x0800371a   0x00000018   Code   RO         3314    i.st_dword          ff.o
    0x08003732   0x0000000c   Code   RO         3315    i.st_word           ff.o
    0x0800373e   0x00000002   PAD
    0x08003740   0x00000090   Code   RO         3316    i.sync_fs           ff.o
    0x080037d0   0x0000004a   Code   RO         3317    i.sync_window       ff.o
    0x0800381a   0x0000003c   Code   RO         3318    i.validate          ff.o
    0x08003856   0x00000002   PAD
    0x08003858   0x00000038   Data   RO         3319    .constdata          ff.o
    0x08003890   0x00000040   Data   RO         4303    .constdata          mc_w.l(ctype_c.o)
    0x080038d0   0x00000020   Data   RO         4305    Region$$Table       anon$$obj.o


    Execution Region RW_IRAM1 (Base: 0x20000000, Size: 0x00004138, Max: 0x00005000, ABSOLUTE)

    Base Addr    Size         Type   Attr      Idx    E Section Name        Object

    0x20000000   0x00000014   Data   RW         1805    .data               stm32f10x_rcc.o
    0x20000014   0x00000006   Data   RW         3320    .data               ff.o
    0x2000001a   0x00000003   Data   RW         3586    .data               serial.o
    0x2000001d   0x00000001   Data   RW         3672    .data               mysd.o
    0x2000001e   0x00000001   Data   RW         3768    .data               mydma.o
    0x2000001f   0x00000001   PAD
    0x20000020   0x0000000d   Data   RW         3876    .data               main.o
    0x2000002d   0x00000003   PAD
    0x20000030   0x00000004   Data   RW         4268    .data               mc_w.l(stdout.o)
    0x20000034   0x00000064   Zero   RW         3585    .bss                serial.o
    0x20000098   0x00003840   Zero   RW         3808    .bss                st7789.o
    0x200038d8   0x0000045c   Zero   RW         3875    .bss                main.o
    0x20003d34   0x00000004   PAD
    0x20003d38   0x00000400   Zero   RW            1    STACK               startup_stm32f10x_md.o


==============================================================================

Image component sizes


      Code (inc. data)   RO Data    RW Data    ZI Data      Debug   Object Name

         0          0          0          0          0       4496   core_cm3.o
        70          0          0          0          0        862   delay.o
       224         10          0          0          0       6880   diskio.o
      5594         84         56          6          0      44805   ff.o
       740        304          0         13       1116       2087   main.o
       132         22          0          0          0     204607   misc.o
       408         32          0          1          0       2690   mydma.o
      1214         56          0          1          0       7200   mysd.o
       348         22          0          0          0       1156   myspi.o
       424         42          0          3        100       6950   serial.o
       710         44          0          0      14400       4569   st7789.o
        36          8        236          0       1024        792   startup_stm32f10x_md.o
         0          0          0          0          0       1628   stm32f10x_adc.o
       492         26          0          0          0      14403   stm32f10x_dma.o
       278          0          0          0          0      10112   stm32f10x_gpio.o
        26          0          0          0          0       3514   stm32f10x_it.o
       308         38          0         20          0      13298   stm32f10x_rcc.o
       124          0          0          0          0      10325   stm32f10x_spi.o
       472          6          0          0          0      12151   stm32f10x_usart.o
       328         28          0          0          0      41353   system_stm32f10x.o

    ----------------------------------------------------------------------
     11956        722        324         48      16644     393878   Object Totals
         0          0         32          0          0          0   (incl. Generated)
        28          0          0          4          4          0   (incl. Padding)

    ----------------------------------------------------------------------

      Code (inc. data)   RO Data    RW Data    ZI Data      Debug   Library Member Name

        56          8          0          0          0         84   __0sscanf.o
       812          4          0          0          0        112   _scanf.o
       224          0          0          0          0         96   _scanf_str.o
        64          0          0          0          0         84   _sgetc.o
        40          6         64          0          0         68   ctype_c.o
         0          0          0          0          0          0   entry.o
         0          0          0          0          0          0   entry10a.o
         0          0          0          0          0          0   entry11a.o
         8          4          0          0          0          0   entry2.o
         4          0          0          0          0          0   entry5.o
         0          0          0          0          0          0   entry7b.o
         0          0          0          0          0          0   entry8b.o
         8          4          0          0          0          0   entry9a.o
        30          0          0          0          0          0   handlers.o
        36          8          0          0          0         68   init.o
        10          0          0          0          0         68   isspace_c.o
        30          0          0          0          0         68   llshl.o
        32          0          0          0          0         68   llushr.o
        26          0          0          0          0         80   memcmp.o
        36          0          0          0          0         68   memcpya.o
        36          0          0          0          0        108   memseta.o
       588         14          0          0          0        184   printf4.o
        40          8          0          0          0         84   scanf_char.o
         0          0          0          4          0          0   stdout.o
        20          0          0          0          0         68   strchr.o
        28          0          0          0          0         76   strcmp.o
        98          0          0          0          0         92   uldiv.o

    ----------------------------------------------------------------------
      2232         56         64          4          0       1476   Library Totals
         6          0          0          0          0          0   (incl. Padding)

    ----------------------------------------------------------------------

      Code (inc. data)   RO Data    RW Data    ZI Data      Debug   Library Name

      2226         56         64          4          0       1476   mc_w.l

    ----------------------------------------------------------------------
      2232         56         64          4          0       1476   Library Totals

    ----------------------------------------------------------------------

==============================================================================


      Code (inc. data)   RO Data    RW Data    ZI Data      Debug   

     14188        778        388         52      16644     388902   Grand Totals
     14188        778        388         52      16644     388902   ELF Image Totals
     14188        778        388         52          0          0   ROM Totals

==============================================================================

    Total RO  Size (Code + RO Data)                14576 (  14.23kB)
    Total RW  Size (RW Data + ZI Data)             16696 (  16.30kB)
    Total ROM Size (Code + RO Data + RW Data)      14628 (  14.29kB)

==============================================================================

