<html>
<body>
<pre>
<h1>µVision Build Log</h1>
<h2>Tool Versions:</h2>
IDE-Version: ¦ÌVision V5.14.2
Copyright (C) 2015 ARM Ltd and ARM Germany GmbH. All rights reserved.
License Information: Cortex-M3, lys, LIC=RC93N-YZZLU-9UA4U-S2K5E-WQZ67-IR0RL
 
Tool Versions:
Toolchain:       MDK-ARM Standard  Version: 5.14.0.0
Toolchain Path:  E:\Keil5\ARM\ARMCC\Bin
C Compiler:      Armcc.exe V5.05 update 1 (build 106)
Assembler:       Armasm.exe V5.05 update 1 (build 106)
Linker/Locator:  ArmLink.exe V5.05 update 1 (build 106)
Library Manager: ArmAr.exe V5.05 update 1 (build 106)
Hex Converter:   FromElf.exe V5.05 update 1 (build 106)
CPU DLL:         SARMCM3.DLL V5.14.0.0
Dialog DLL:      DCM.DLL V1.13.1.0
Target DLL:      STLink\ST-LINKIII-KEIL_SWO.dll V2.0.14.0_KEIL
Dialog DLL:      TCM.DLL V1.14.4.0
 
<h2>Project:</h2>
F:\STM32Pjo\8- HardWareI2C\Project.uvprojx
Project File Date:  03/21/2025

<h2>Output:</h2>
*** Using Compiler 'V5.05 update 1 (build 106)', folder: 'E:\Keil5\ARM\ARMCC\Bin'
Build target 'Target 1'
assembling startup_stm32f10x_md.s...
compiling core_cm3.c...
compiling system_stm32f10x.c...
compiling misc.c...
compiling stm32f10x_adc.c...
compiling stm32f10x_bkp.c...
compiling stm32f10x_can.c...
compiling stm32f10x_cec.c...
compiling stm32f10x_crc.c...
compiling stm32f10x_dac.c...
compiling stm32f10x_dbgmcu.c...
compiling stm32f10x_dma.c...
compiling stm32f10x_exti.c...
compiling stm32f10x_flash.c...
compiling stm32f10x_fsmc.c...
compiling stm32f10x_gpio.c...
compiling stm32f10x_i2c.c...
compiling stm32f10x_iwdg.c...
compiling stm32f10x_pwr.c...
compiling stm32f10x_rcc.c...
compiling stm32f10x_rtc.c...
compiling stm32f10x_sdio.c...
compiling stm32f10x_spi.c...
compiling stm32f10x_tim.c...
compiling stm32f10x_usart.c...
compiling stm32f10x_wwdg.c...
compiling Delay.c...
compiling key.c...
compiling MyI2C.c...
compiling OLED.c...
compiling AD.c...
Hardware\AD.c(40): warning:  #1-D: last line of file ends without a newline
  }
Hardware\AD.c: 1 warning, 0 errors
compiling Serial.c...
compiling Timer.c...
Hardware\Timer.c(41): warning:  #1-D: last line of file ends without a newline
  }
Hardware\Timer.c: 1 warning, 0 errors
compiling IOControl.c...
compiling MAX31865.c...
compiling MySPI.c...
Hardware\MySPI.c(11): warning:  #188-D: enumerated type mixed with another type
        GPIO_WriteBit(GPIOA,MySPI_SS,BitValue);
Hardware\MySPI.c: 1 warning, 0 errors
compiling main.c...
User\main.c(37): warning:  #1-D: last line of file ends without a newline
  }
User\main.c(17): warning:  #177-D: variable "str" was declared but never referenced
      char str[20];
User\main.c(18): warning:  #177-D: variable "volage" was declared but never referenced
      float volage,resistance;
User\main.c(18): warning:  #177-D: variable "resistance" was declared but never referenced
      float volage,resistance;
User\main.c: 4 warnings, 0 errors
compiling stm32f10x_it.c...
compiling PID.c...
linking...
Program Size: Code=11818 RO-data=2602 RW-data=80 ZI-data=2152  
FromELF: creating hex file...
".\Objects\Project.axf" - 0 Error(s), 7 Warning(s).

<h2>Collection of Component include folders:</h2>
  F:\STM32Pjo\8- HardWareI2C\RTE
  E:\Keil5\ARM\PACK\Keil\STM32F1xx_DFP\1.0.5\Device\Include

<h2>Collection of Component Files used:</h2>
</pre>
</body>
</html>
